Archive member included to satisfy reference by file (symbol)

/usr/lib/gcc/arm-none-eabi/10.3.1/thumb/v7-m/nofp/libgcc.a(_arm_mulsf3.o)
                              obj/parser.o (__aeabi_fmul)
/usr/lib/gcc/arm-none-eabi/10.3.1/thumb/v7-m/nofp/libgcc.a(_arm_addsubsf3.o)
                              obj/ltc268x.o (__aeabi_fsub)
/usr/lib/gcc/arm-none-eabi/10.3.1/thumb/v7-m/nofp/libgcc.a(_arm_muldivsf3.o)
                              obj/parser.o (__aeabi_fdiv)
/usr/lib/gcc/arm-none-eabi/10.3.1/thumb/v7-m/nofp/libgcc.a(_arm_cmpsf2.o)
                              obj/parser.o (__aeabi_fcmplt)
/usr/lib/gcc/arm-none-eabi/10.3.1/thumb/v7-m/nofp/libgcc.a(_arm_fixunssfsi.o)
                              obj/parser.o (__aeabi_f2uiz)
/usr/lib/gcc/arm-none-eabi/10.3.1/thumb/v7-m/nofp/libgcc.a(_aeabi_ldivmod.o)
                              obj/no_os_util.o (__aeabi_ldivmod)
/usr/lib/gcc/arm-none-eabi/10.3.1/thumb/v7-m/nofp/libgcc.a(_aeabi_uldivmod.o)
                              obj/no_os_util.o (__aeabi_uldivmod)
/usr/lib/gcc/arm-none-eabi/10.3.1/thumb/v7-m/nofp/libgcc.a(_udivmoddi4.o)
                              /usr/lib/gcc/arm-none-eabi/10.3.1/thumb/v7-m/nofp/libgcc.a(_aeabi_ldivmod.o) (__udivmoddi4)
/usr/lib/gcc/arm-none-eabi/10.3.1/thumb/v7-m/nofp/libgcc.a(_dvmd_tls.o)
                              /usr/lib/gcc/arm-none-eabi/10.3.1/thumb/v7-m/nofp/libgcc.a(_aeabi_ldivmod.o) (__aeabi_ldiv0)
/usr/lib/gcc/arm-none-eabi/10.3.1/../../../arm-none-eabi/lib/thumb/v7-m/nofp/libc_nano.a(lib_a-atexit.o)
                              /usr/lib/gcc/arm-none-eabi/10.3.1/../../../arm-none-eabi/lib/thumb/v7-m/nofp/crt0.o (atexit)
/usr/lib/gcc/arm-none-eabi/10.3.1/../../../arm-none-eabi/lib/thumb/v7-m/nofp/libc_nano.a(lib_a-exit.o)
                              /usr/lib/gcc/arm-none-eabi/10.3.1/../../../arm-none-eabi/lib/thumb/v7-m/nofp/crt0.o (exit)
/usr/lib/gcc/arm-none-eabi/10.3.1/../../../arm-none-eabi/lib/thumb/v7-m/nofp/libc_nano.a(lib_a-fini.o)
                              /usr/lib/gcc/arm-none-eabi/10.3.1/../../../arm-none-eabi/lib/thumb/v7-m/nofp/crt0.o (__libc_fini_array)
/usr/lib/gcc/arm-none-eabi/10.3.1/../../../arm-none-eabi/lib/thumb/v7-m/nofp/libc_nano.a(lib_a-impure.o)
                              /usr/lib/gcc/arm-none-eabi/10.3.1/../../../arm-none-eabi/lib/thumb/v7-m/nofp/libc_nano.a(lib_a-exit.o) (_global_impure_ptr)
/usr/lib/gcc/arm-none-eabi/10.3.1/../../../arm-none-eabi/lib/thumb/v7-m/nofp/libc_nano.a(lib_a-init.o)
                              /usr/lib/gcc/arm-none-eabi/10.3.1/../../../arm-none-eabi/lib/thumb/v7-m/nofp/crt0.o (__libc_init_array)
/usr/lib/gcc/arm-none-eabi/10.3.1/../../../arm-none-eabi/lib/thumb/v7-m/nofp/libc_nano.a(lib_a-memcpy.o)
                              obj/main.o (memcpy)
/usr/lib/gcc/arm-none-eabi/10.3.1/../../../arm-none-eabi/lib/thumb/v7-m/nofp/libc_nano.a(lib_a-memset.o)
                              /usr/lib/gcc/arm-none-eabi/10.3.1/../../../arm-none-eabi/lib/thumb/v7-m/nofp/crt0.o (memset)
/usr/lib/gcc/arm-none-eabi/10.3.1/../../../arm-none-eabi/lib/thumb/v7-m/nofp/libc_nano.a(lib_a-printf.o)
                              obj/ltc268x.o (printf)
/usr/lib/gcc/arm-none-eabi/10.3.1/../../../arm-none-eabi/lib/thumb/v7-m/nofp/libc_nano.a(lib_a-puts.o)
                              obj/ltc268x.o (puts)
/usr/lib/gcc/arm-none-eabi/10.3.1/../../../arm-none-eabi/lib/thumb/v7-m/nofp/libc_nano.a(lib_a-snprintf.o)
                              obj/main.o (snprintf)
/usr/lib/gcc/arm-none-eabi/10.3.1/../../../arm-none-eabi/lib/thumb/v7-m/nofp/libc_nano.a(lib_a-sprintf.o)
                              obj/parser.o (sprintf)
/usr/lib/gcc/arm-none-eabi/10.3.1/../../../arm-none-eabi/lib/thumb/v7-m/nofp/libc_nano.a(lib_a-strtol.o)
                              obj/no_os_util.o (strtol)
/usr/lib/gcc/arm-none-eabi/10.3.1/../../../arm-none-eabi/lib/thumb/v7-m/nofp/libc_nano.a(lib_a-strtoul.o)
                              obj/no_os_util.o (strtoul)
/usr/lib/gcc/arm-none-eabi/10.3.1/../../../arm-none-eabi/lib/thumb/v7-m/nofp/libc_nano.a(lib_a-wbuf.o)
                              /usr/lib/gcc/arm-none-eabi/10.3.1/../../../arm-none-eabi/lib/thumb/v7-m/nofp/libc_nano.a(lib_a-puts.o) (__swbuf_r)
/usr/lib/gcc/arm-none-eabi/10.3.1/../../../arm-none-eabi/lib/thumb/v7-m/nofp/libc_nano.a(lib_a-wsetup.o)
                              /usr/lib/gcc/arm-none-eabi/10.3.1/../../../arm-none-eabi/lib/thumb/v7-m/nofp/libc_nano.a(lib_a-puts.o) (__swsetup_r)
/usr/lib/gcc/arm-none-eabi/10.3.1/../../../arm-none-eabi/lib/thumb/v7-m/nofp/libc_nano.a(lib_a-__atexit.o)
                              /usr/lib/gcc/arm-none-eabi/10.3.1/../../../arm-none-eabi/lib/thumb/v7-m/nofp/libc_nano.a(lib_a-atexit.o) (__register_exitproc)
/usr/lib/gcc/arm-none-eabi/10.3.1/../../../arm-none-eabi/lib/thumb/v7-m/nofp/libc_nano.a(lib_a-__call_atexit.o)
                              /usr/lib/gcc/arm-none-eabi/10.3.1/../../../arm-none-eabi/lib/thumb/v7-m/nofp/libc_nano.a(lib_a-__atexit.o) (__call_exitprocs)
[...]
Memory Configuration

Name             Origin             Length             Attributes
RAM              0x0000000020000000 0x0000000000010000 xrw
FLASH            0x0000000008000000 0x000000000007f800 xr
*default*        0x0000000000000000 0xffffffffffffffff

Linker script and memory map

LOAD /usr/lib/gcc/arm-none-eabi/10.3.1/thumb/v7-m/nofp/crti.o
LOAD /usr/lib/gcc/arm-none-eabi/10.3.1/thumb/v7-m/nofp/crtbegin.o
LOAD /usr/lib/gcc/arm-none-eabi/10.3.1/../../../arm-none-eabi/lib/thumb/v7-m/nofp/crt0.o
LOAD obj/I2C.o
LOAD obj/lantask.o
LOAD obj/main.o
LOAD obj/parser.o
LOAD obj/system.o
LOAD obj/HSE_CLK.o
LOAD obj/delay.o
LOAD obj/fact_reset.o
LOAD obj/flash.o
LOAD obj/ltc268x.o
LOAD obj/net_config.o
LOAD obj/no_os_platform.o
LOAD obj/no_os_util.o
LOAD obj/pin_intr.o
LOAD obj/ref_trig_dac.o
LOAD obj/spi.o
LOAD obj/togglepins.o
LOAD obj/triggers.o
LOAD obj/uart.o
LOAD obj/socket.o
LOAD obj/w5500.o
LOAD obj/wizchip_conf.o
LOAD obj/all_asm.o
START GROUP
LOAD /usr/lib/gcc/arm-none-eabi/10.3.1/thumb/v7-m/nofp/libgcc.a
LOAD /usr/lib/gcc/arm-none-eabi/10.3.1/../../../arm-none-eabi/lib/thumb/v7-m/nofp/libc_nano.a
END GROUP
START GROUP
LOAD /usr/lib/gcc/arm-none-eabi/10.3.1/thumb/v7-m/nofp/libgcc.a
LOAD /usr/lib/gcc/arm-none-eabi/10.3.1/../../../arm-none-eabi/lib/thumb/v7-m/nofp/libc_nano.a
LOAD /usr/lib/gcc/arm-none-eabi/10.3.1/../../../arm-none-eabi/lib/thumb/v7-m/nofp/libnosys.a
END GROUP
START GROUP
LOAD /usr/lib/gcc/arm-none-eabi/10.3.1/thumb/v7-m/nofp/libgcc.a
LOAD /usr/lib/gcc/arm-none-eabi/10.3.1/../../../arm-none-eabi/lib/thumb/v7-m/nofp/libc_nano.a
LOAD /usr/lib/gcc/arm-none-eabi/10.3.1/../../../arm-none-eabi/lib/thumb/v7-m/nofp/libnosys.a
END GROUP
LOAD /usr/lib/gcc/arm-none-eabi/10.3.1/thumb/v7-m/nofp/crtend.o
LOAD /usr/lib/gcc/arm-none-eabi/10.3.1/thumb/v7-m/nofp/crtn.o
                0x0000000020010000                _estack = (ORIGIN (RAM) + LENGTH (RAM))
                0x0000000000000200                _Min_Heap_Size = 0x200
                0x0000000000000400                _Min_Stack_Size = 0x400

.isr_vector     0x0000000008000000      0x1e4
                0x0000000008000000                . = ALIGN (0x4)
 *(.isr_vector)
 .isr_vector    0x0000000008000000      0x1e4 obj/all_asm.o
                0x0000000008000000                g_pfnVectors
                0x00000000080001e4                . = ALIGN (0x4)

.text           0x00000000080001e4     0x7b48
                0x00000000080001e4                . = ALIGN (0x4)
 *(.text)
 .text          0x00000000080001e4       0x88 /usr/lib/gcc/arm-none-eabi/10.3.1/thumb/v7-m/nofp/crtbegin.o
 .text          0x000000000800026c      0x424 obj/I2C.o
                0x0000000008000284                i2c_init
                0x00000000080002f0                i2c_start
                0x0000000008000354                i2c_write
                0x0000000008000384                i2c_read_ack
                0x00000000080003ac                i2c_read_nack
                0x00000000080003dc                i2c_stop
                0x00000000080003f8                eui48_read_mac
                0x00000000080005f0                eui48_get_last_source
                0x0000000008000614                eui48_get_probe_status
                0x000000000800063c                eui48_get_last_raw_read
                0x0000000008000668                eui48_get_diag_counters
 .text          0x0000000008000690      0x1c0 obj/lantask.o
                0x00000000080006b2                lan_set_tcp_port
                0x00000000080006c0                lan_get_tcp_port
                0x00000000080006cc                lan_reopen_listener
                0x00000000080006fc                run_tcp_server
                0x00000000080007dc                hardware_reset
                0x0000000008000818                w5500_port_init
 .text          0x0000000008000850      0x1cc obj/main.o
                0x000000000800094c                SystemInit
 .text          0x0000000008000a1c     0x1284 obj/parser.o
                0x0000000008000af0                reset
                0x0000000008000b10                set_chain_followers
                0x0000000008000b74                set_chain_followers_with_irq
                0x0000000008000c0c                write_ip_config
                0x0000000008000d94                set_soft_sequence
                0x0000000008000f38                stop_sequence_channel
                0x0000000008001000                set_soft_sequence_chained
                0x0000000008001174                set_span
                0x00000000080011cc                start_pwm_hw
                0x00000000080013e0                set_voltage
                0x0000000008001430                stop_pwm_hw
                0x0000000008001578                set_sequence
                0x000000000800170c                trig_voltage_to_code
                0x000000000800176c                set_trigger_level
                0x000000000800178e                Sequencer_Init
                0x000000000800184c                clear_state
                0x0000000008001aa8                parse_command
                0x0000000008001b74                parser_poll_trigger_edges
                0x0000000008001c84                EXTI3_IRQHandler
                0x0000000008001c9c                parser_handle_exti2_trigger
 .text          0x0000000008001ca0       0xd0 obj/HSE_CLK.o
                0x0000000008001ca0                X_Clock_Init
 .text          0x0000000008001d70      0x1dc obj/fact_reset.o
                0x0000000008001dcc                Increment_Reset_Counter
                0x0000000008001f14                Get_Total_Reset_Presses
                0x0000000008001f30                Get_Reset_Last_Delta_Sec
                0x0000000008001f3c                Get_Reset_Window_Sec
                0x0000000008001f40                Was_Last_Reset_Pin
 .text          0x0000000008001f4c      0x110 obj/flash.o
                0x0000000008001f4c                flash_read32
                0x0000000008001f60                flash_erase_page
                0x0000000008001fa4                flash_write32
 .text          0x000000000800205c      0x48c obj/ltc268x.o
                0x00000000080020fe                ltc268x_set_pwr_dac
                0x0000000008002116                ltc268x_set_dither_toggle
                0x000000000800212e                ltc268x_set_dither_mode
                0x0000000008002174                ltc268x_set_span
                0x00000000080021bc                ltc268x_set_dither_phase
                0x0000000008002208                ltc268x_set_dither_period
                0x0000000008002254                ltc268x_select_reg
                0x000000000800228a                ltc268x_select_tg_dith_clk
                0x00000000080022d2                ltc268x_software_toggle
                0x0000000008002310                ltc268x_software_reset
                0x000000000800231a                ltc268x_set_voltage
                0x00000000080023c8                ltc268x_init
                0x00000000080024c8                ltc268x_remove
 .text          0x00000000080024e8       0xb8 obj/net_config.o
                0x00000000080024e8                netcfg_load
                0x0000000008002548                netcfg_save
                0x0000000008002594                netcfg_clear
 .text          0x00000000080025a0       0x88 obj/no_os_platform.o
                0x00000000080025a0                no_os_mdelay
                0x00000000080025ca                no_os_calloc
                0x00000000080025d4                no_os_free
                0x00000000080025d6                no_os_spi_init
                0x00000000080025e4                no_os_spi_remove
                0x00000000080025e8                no_os_spi_write_and_read
 .text          0x0000000008002628      0x50e obj/no_os_util.o
                0x0000000008002628                no_os_test_bit
                0x0000000008002642                no_os_find_first_set_bit
                0x0000000008002656                no_os_find_first_set_bit_u64
                0x0000000008002680                no_os_find_last_set_bit
                0x0000000008002698                no_os_find_last_set_bit_u64
                0x00000000080026c8                no_os_find_closest
                0x00000000080026f8                no_os_field_prep
                0x0000000008002708                no_os_field_prep_u64
                0x0000000008002738                no_os_field_get
                0x0000000008002746                no_os_field_max
                0x0000000008002754                no_os_field_max_u64
                0x000000000800277c                no_os_log_base_2
                0x0000000008002780                no_os_greatest_common_divisor
                0x00000000080027a2                no_os_greatest_common_divisor_u64
                0x00000000080027da                no_os_lowest_common_multiple
                0x00000000080027f6                no_os_rational_best_approximation
                0x000000000800282a                no_os_rational_best_approximation_u64
                0x0000000008002890                no_os_hweight8
                0x00000000080028a2                no_os_hweight16
                0x00000000080028b8                no_os_hweight32
                0x00000000080028ce                no_os_do_div
                0x00000000080028e2                no_os_div64_u64_rem
                0x00000000080028f0                no_os_div_u64_rem
                0x00000000080028fe                no_os_div_s64_rem
                0x000000000800290c                no_os_div_u64
                0x0000000008002916                no_os_div_s64
                0x0000000008002920                no_os_str_to_int32
                0x000000000800293a                no_os_str_to_uint32
                0x0000000008002954                no_os_put_unaligned_be16
                0x000000000800295c                no_os_get_unaligned_be16
                0x0000000008002964                no_os_put_unaligned_le16
                0x000000000800296c                no_os_get_unaligned_le16
                0x0000000008002970                no_os_put_unaligned_be24
                0x000000000800297c                no_os_get_unaligned_be24
                0x000000000800298c                no_os_put_unaligned_le24
                0x0000000008002998                no_os_get_unaligned_le24
                0x00000000080029a2                no_os_put_unaligned_be32
                0x00000000080029b2                no_os_get_unaligned_be32
                0x00000000080029b8                no_os_put_unaligned_le32
                0x00000000080029c8                no_os_get_unaligned_le32
                0x00000000080029cc                no_os_put_unaligned_be64
                0x00000000080029ea                no_os_get_unaligned_be64
                0x00000000080029f4                no_os_put_unaligned_le64
                0x0000000008002a12                no_os_get_unaligned_le64
                0x0000000008002a1a                no_os_sign_extend16
                0x0000000008002a28                no_os_sign_extend32
                0x0000000008002a34                no_os_mul_u32_u32
                0x0000000008002a3a                no_os_mul_u64_u32_shr
                0x0000000008002a84                no_os_mul_u64_u32_div
                0x0000000008002aec                no_os_is_big_endian
                0x0000000008002af0                no_os_memswap64
 *fill*         0x0000000008002b36        0x2 
 .text          0x0000000008002b38       0x90 obj/pin_intr.o
                0x0000000008002b38                ExternIntInit
                0x0000000008002ba4                EXTI2_IRQHandler
 .text          0x0000000008002bc8      0x2b4 obj/spi.o
                0x0000000008002be0                ethernet_spi_init
                0x0000000008002cac                wizchip_select
                0x0000000008002cbc                wizchip_deselect
                0x0000000008002ccc                spi_write
                0x0000000008002cce                spi_read
                0x0000000008002cd2                spi_write_burst
                0x0000000008002ce8                spi_read_burst
                0x0000000008002d00                ltc_spi_init
                0x0000000008002da8                spi2_transfer_byte
                0x0000000008002dc0                ltc_write_dac_cs
                0x0000000008002e14                ltc_write_dac
                0x0000000008002e1a                ltc_read_data_cs
                0x0000000008002e74                ltc_read_data
 .text          0x0000000008002e7c      0x4a0 obj/togglepins.o
                0x000000000800306c                LTC2686_TGP_Init
                0x000000000800312c                Set_TGP_Frequency_Duty_Bank
                0x0000000008003224                Set_TGP_Frequency_Bank
                0x000000000800322a                LTC2686_SetPinFrequency
                0x0000000008003234                Set_TGP_Frequency
                0x0000000008003238                LTC2686_SetPinTiming
                0x000000000800323c                TIM2_IRQHandler
 .text          0x000000000800331c       0x54 obj/triggers.o
                0x000000000800331c                trig_dac_init
                0x0000000008003350                trig_set_level_A
                0x0000000008003360                trig_set_level_B
 .text          0x0000000008003370      0x164 obj/uart.o
                0x0000000008003370                uart1_write
                0x0000000008003384                uart1_read
                0x0000000008003398                uart1_set_rx_callback
                0x00000000080033a4                uart1_init
                0x0000000008003440                USART1_IRQHandler
                0x0000000008003460                uart1_print
                0x0000000008003472                uart1_print_hex
 .text          0x00000000080034d4      0xca0 obj/socket.o
                0x0000000008003790                close
                0x00000000080037fc                socket
                0x0000000008003b58                listen
                0x0000000008003bc2                connect_W5x00
                0x0000000008003bc6                connect_W6x00
                0x0000000008003bc8                disconnect
                0x0000000008003c54                send
                0x0000000008003db4                recv
                0x0000000008003e8c                sendto_W5x00
                0x0000000008003ea0                sendto_W6x00
                0x0000000008003eb4                recvfrom_W5x00
                0x0000000008003eb6                recvfrom_W6x00
                0x0000000008003eb8                ctlsocket
                0x0000000008003f74                setsockopt
                0x0000000008004072                getsockopt
 .text          0x0000000008004174      0x31c obj/w5500.o
                0x0000000008004174                WIZCHIP_READ
                0x00000000080041d0                WIZCHIP_WRITE
                0x0000000008004234                WIZCHIP_READ_BUF
                0x00000000080042a8                WIZCHIP_WRITE_BUF
                0x000000000800431c                getSn_TX_FSR
                0x000000000800435e                getSn_RX_RSR
                0x00000000080043a0                wiz_send_data
                0x00000000080043fa                wiz_recv_data
                0x0000000008004454                wiz_recv_ignore
 .text          0x0000000008004490      0x734 obj/wizchip_conf.o
                0x0000000008004490                wizchip_cris_enter
                0x0000000008004492                wizchip_bus_readdata
                0x0000000008004496                wizchip_bus_writedata
                0x000000000800449a                wizchip_bus_read_buf
                0x00000000080044d4                wizchip_bus_write_buf
                0x000000000800450c                wizchip_spi_readbyte
                0x0000000008004510                wizchip_spi_writebyte
                0x0000000008004512                wizchip_spi_readburst
                0x0000000008004530                wizchip_spi_writeburst
                0x000000000800454c                wizchip_qspi_read
                0x000000000800454e                wizchip_qspi_write
                0x0000000008004550                wizchip_cris_exit
                0x0000000008004552                wizchip_cs_select
                0x0000000008004554                wizchip_cs_deselect
                0x0000000008004556                reg_wizchip_cris_cbfunc
                0x0000000008004578                reg_wizchip_cs_cbfunc
                0x000000000800459c                reg_wizchip_bus_cbfunc
                0x00000000080045c8                reg_wizchip_busbuf_cbfunc
                0x00000000080045f4                reg_wizchip_spi_cbfunc
                0x0000000008004620                reg_wizchip_spiburst_cbfunc
                0x000000000800464c                reg_wizchip_qspi_cbfunc
                0x0000000008004678                wizchip_sw_reset
                0x00000000080046f2                wizchip_init
                0x000000000800476c                wizchip_clrinterrupt
                0x000000000800479a                wizchip_getinterrupt
                0x00000000080047ba                wizchip_setinterruptmask
                0x00000000080047d6                wizchip_getinterruptmask
                0x00000000080047f2                wizphy_getphylink
                0x0000000008004802                wizphy_getphypmode
                0x000000000800481a                wizphy_reset
                0x000000000800484a                wizphy_setphyconf
                0x0000000008004890                wizphy_getphyconf
                0x00000000080048fa                wizphy_getphystat
                0x0000000008004914                wizphy_setphypmode
                0x0000000008004966                ctlwizchip
                0x0000000008004a54                wizchip_setnetinfo
                0x0000000008004aa8                wizchip_getnetinfo
                0x0000000008004afc                wizchip_setnetmode
                0x0000000008004b22                wizchip_getnetmode
                0x0000000008004b28                wizchip_settimeout
                0x0000000008004b50                wizchip_gettimeout
                0x0000000008004b78                ctlnetwork
 .text          0x0000000008004bc4      0x21c /usr/lib/gcc/arm-none-eabi/10.3.1/thumb/v7-m/nofp/libgcc.a(_arm_addsubsf3.o)
                0x0000000008004bc4                __aeabi_frsub
                0x0000000008004bcc                __subsf3
                0x0000000008004bcc                __aeabi_fsub
                0x0000000008004bd0                __aeabi_fadd
                0x0000000008004bd0                __addsf3
                0x0000000008004d30                __aeabi_ui2f
                0x0000000008004d30                __floatunsisf
                0x0000000008004d38                __aeabi_i2f
                0x0000000008004d38                __floatsisf
                0x0000000008004d54                __floatundisf
                0x0000000008004d54                __aeabi_ul2f
                0x0000000008004d64                __floatdisf
                0x0000000008004d64                __aeabi_l2f
 .text          0x0000000008004de0      0x2a0 /usr/lib/gcc/arm-none-eabi/10.3.1/thumb/v7-m/nofp/libgcc.a(_arm_muldivsf3.o)
                0x0000000008004de0                __mulsf3
                0x0000000008004de0                __aeabi_fmul
                0x0000000008004f48                __divsf3
                0x0000000008004f48                __aeabi_fdiv
 .text          0x0000000008005080       0xec /usr/lib/gcc/arm-none-eabi/10.3.1/thumb/v7-m/nofp/libgcc.a(_arm_cmpsf2.o)
                0x0000000008005080                __gtsf2
                0x0000000008005080                __gesf2
                0x0000000008005088                __lesf2
                0x0000000008005088                __ltsf2
                0x0000000008005090                __nesf2
                0x0000000008005090                __eqsf2
                0x0000000008005090                __cmpsf2
                0x00000000080050f0                __aeabi_cfrcmple
                0x00000000080050f8                __aeabi_cfcmple
                0x00000000080050f8                __aeabi_cfcmpeq
                0x0000000008005108                __aeabi_fcmpeq
                0x000000000800511c                __aeabi_fcmplt
                0x0000000008005130                __aeabi_fcmple
                0x0000000008005144                __aeabi_fcmpge
                0x0000000008005158                __aeabi_fcmpgt
 .text          0x000000000800516c       0x40 /usr/lib/gcc/arm-none-eabi/10.3.1/thumb/v7-m/nofp/libgcc.a(_arm_fixunssfsi.o)
                0x000000000800516c                __aeabi_f2uiz
                0x000000000800516c                __fixunssfsi
 .text          0x00000000080051ac       0xa0 /usr/lib/gcc/arm-none-eabi/10.3.1/thumb/v7-m/nofp/libgcc.a(_aeabi_ldivmod.o)
                0x00000000080051ac                __aeabi_ldivmod
 .text          0x000000000800524c       0x30 /usr/lib/gcc/arm-none-eabi/10.3.1/thumb/v7-m/nofp/libgcc.a(_aeabi_uldivmod.o)
                0x000000000800524c                __aeabi_uldivmod
 .text          0x000000000800527c      0x2d4 /usr/lib/gcc/arm-none-eabi/10.3.1/thumb/v7-m/nofp/libgcc.a(_udivmoddi4.o)
                0x000000000800527c                __udivmoddi4
 .text          0x0000000008005550        0x4 /usr/lib/gcc/arm-none-eabi/10.3.1/thumb/v7-m/nofp/libgcc.a(_dvmd_tls.o)
                0x0000000008005550                __aeabi_ldiv0
                0x0000000008005550                __aeabi_idiv0
 .text          0x0000000008005554       0xec /usr/lib/gcc/arm-none-eabi/10.3.1/../../../arm-none-eabi/lib/thumb/v7-m/nofp/libc_nano.a(lib_a-memcpy.o)
                0x0000000008005554                memcpy
 .text          0x0000000008005640       0xa4 /usr/lib/gcc/arm-none-eabi/10.3.1/../../../arm-none-eabi/lib/thumb/v7-m/nofp/libc_nano.a(lib_a-memset.o)
                0x0000000008005640                memset
 .text          0x00000000080056e4       0x60 /usr/lib/gcc/arm-none-eabi/10.3.1/../../../arm-none-eabi/lib/thumb/v7-m/nofp/libc_nano.a(lib_a-printf.o)
                0x00000000080056e4                _printf_r
                0x00000000080056e4                _iprintf_r
                0x0000000008005710                printf
                0x0000000008005710                iprintf
 .text          0x0000000008005744       0xe0 /usr/lib/gcc/arm-none-eabi/10.3.1/../../../arm-none-eabi/lib/thumb/v7-m/nofp/libc_nano.a(lib_a-puts.o)
                0x0000000008005744                _puts_r
                0x0000000008005814                puts
 .text          0x0000000008005824      0x100 /usr/lib/gcc/arm-none-eabi/10.3.1/../../../arm-none-eabi/lib/thumb/v7-m/nofp/libc_nano.a(lib_a-snprintf.o)
                0x0000000008005824                _sniprintf_r
                0x0000000008005824                _snprintf_r
                0x00000000080058a0                snprintf
                0x00000000080058a0                sniprintf
 .text          0x0000000008005924       0x80 /usr/lib/gcc/arm-none-eabi/10.3.1/../../../arm-none-eabi/lib/thumb/v7-m/nofp/libc_nano.a(lib_a-sprintf.o)
                0x0000000008005924                _siprintf_r
                0x0000000008005924                _sprintf_r
                0x0000000008005960                sprintf
                0x0000000008005960                siprintf
 .text          0x00000000080059a4      0x190 /usr/lib/gcc/arm-none-eabi/10.3.1/../../../arm-none-eabi/lib/thumb/v7-m/nofp/libc_nano.a(lib_a-strtol.o)
                0x0000000008005ac4                _strtol_r
                0x0000000008005adc                strtol_l
                0x0000000008005b08                strtol
 .text          0x0000000008005b34      0x178 /usr/lib/gcc/arm-none-eabi/10.3.1/../../../arm-none-eabi/lib/thumb/v7-m/nofp/libc_nano.a(lib_a-strtoul.o)
                0x0000000008005c70                _strtoul_r
                0x0000000008005c74                strtoul_l
                0x0000000008005c90                strtoul
 .text          0x0000000008005cac       0xc4 /usr/lib/gcc/arm-none-eabi/10.3.1/../../../arm-none-eabi/lib/thumb/v7-m/nofp/libc_nano.a(lib_a-wbuf.o)
                0x0000000008005cac                __swbuf_r
                0x0000000008005d5c                __swbuf
 .text          0x0000000008005d70      0x104 /usr/lib/gcc/arm-none-eabi/10.3.1/../../../arm-none-eabi/lib/thumb/v7-m/nofp/libc_nano.a(lib_a-wsetup.o)
                0x0000000008005d70                __swsetup_r
 .text          0x0000000008005e74        0xc /usr/lib/gcc/arm-none-eabi/10.3.1/../../../arm-none-eabi/lib/thumb/v7-m/nofp/libc_nano.a(lib_a-errno.o)
                0x0000000008005e74                __errno
 .text          0x0000000008005e80      0x1dc /usr/lib/gcc/arm-none-eabi/10.3.1/../../../arm-none-eabi/lib/thumb/v7-m/nofp/libc_nano.a(lib_a-fflush.o)
                0x0000000008005e80                __sflush_r
                0x0000000008005f88                _fflush_r
                0x0000000008005fdc                fflush
 .text          0x000000000800605c      0x230 /usr/lib/gcc/arm-none-eabi/10.3.1/../../../arm-none-eabi/lib/thumb/v7-m/nofp/libc_nano.a(lib_a-findfp.o)
                0x0000000008006060                _cleanup_r
                0x0000000008006070                __sfmoreglue
                0x00000000080060a0                __sfp
                0x0000000008006238                _cleanup
                0x000000000800624c                __sinit
                0x0000000008006254                __sfp_lock_acquire
                0x0000000008006258                __sfp_lock_release
                0x000000000800625c                __sinit_lock_acquire
                0x0000000008006260                __sinit_lock_release
                0x0000000008006264                __fp_lock_all
                0x0000000008006278                __fp_unlock_all
 .text          0x000000000800628c       0x88 /usr/lib/gcc/arm-none-eabi/10.3.1/../../../arm-none-eabi/lib/thumb/v7-m/nofp/libc_nano.a(lib_a-fwalk.o)
                0x000000000800628c                _fwalk
                0x00000000080062cc                _fwalk_reent
 .text          0x0000000008006314      0x11c /usr/lib/gcc/arm-none-eabi/10.3.1/../../../arm-none-eabi/lib/thumb/v7-m/nofp/libc_nano.a(lib_a-makebuf.o)
                0x0000000008006314                __smakebuf_r
                0x00000000080063d4                __swhatbuf_r
 .text          0x0000000008006430       0xcc /usr/lib/gcc/arm-none-eabi/10.3.1/../../../arm-none-eabi/lib/thumb/v7-m/nofp/libc_nano.a(lib_a-nano-freer.o)
                0x0000000008006430                _free_r
 .text          0x00000000080064fc       0xb8 /usr/lib/gcc/arm-none-eabi/10.3.1/../../../arm-none-eabi/lib/thumb/v7-m/nofp/libc_nano.a(lib_a-nano-mallocr.o)
                0x00000000080064fc                _malloc_r
 .text          0x00000000080065b4      0x3f4 /usr/lib/gcc/arm-none-eabi/10.3.1/../../../arm-none-eabi/lib/thumb/v7-m/nofp/libc_nano.a(lib_a-nano-svfprintf.o)
                0x00000000080065b4                __ssputs_r
                0x0000000008006678                __ssprint_r
                0x0000000008006774                _svfprintf_r
                0x0000000008006774                _svfiprintf_r
 .text          0x00000000080069a8      0x320 /usr/lib/gcc/arm-none-eabi/10.3.1/../../../arm-none-eabi/lib/thumb/v7-m/nofp/libc_nano.a(lib_a-nano-vfprintf.o)
                0x00000000080069d0                __sfputs_r
                0x0000000008006a00                __sprint_r
                0x0000000008006a1c                _vfiprintf_r
                0x0000000008006a1c                _vfprintf_r
                0x0000000008006cac                vfiprintf
                0x0000000008006cac                vfprintf
 .text          0x0000000008006cc8      0x3d8 /usr/lib/gcc/arm-none-eabi/10.3.1/../../../arm-none-eabi/lib/thumb/v7-m/nofp/libc_nano.a(lib_a-nano-vfprintf_i.o)
                0x0000000008006cc8                _printf_common
                0x0000000008006df4                _printf_i
 .text          0x00000000080070a0       0x24 /usr/lib/gcc/arm-none-eabi/10.3.1/../../../arm-none-eabi/lib/thumb/v7-m/nofp/libc_nano.a(lib_a-sbrkr.o)
                0x00000000080070a0                _sbrk_r
 .text          0x00000000080070c4       0x90 /usr/lib/gcc/arm-none-eabi/10.3.1/../../../arm-none-eabi/lib/thumb/v7-m/nofp/libc_nano.a(lib_a-stdio.o)
                0x00000000080070c4                __sread
                0x00000000080070e8                __seofread
                0x00000000080070ec                __swrite
                0x000000000800712c                __sseek
                0x000000000800714c                __sclose
 .text          0x0000000008007154       0x2c /usr/lib/gcc/arm-none-eabi/10.3.1/../../../arm-none-eabi/lib/thumb/v7-m/nofp/libc_nano.a(lib_a-writer.o)
                0x0000000008007154                _write_r
 .text          0x0000000008007180       0x24 /usr/lib/gcc/arm-none-eabi/10.3.1/../../../arm-none-eabi/lib/thumb/v7-m/nofp/libc_nano.a(lib_a-closer.o)
                0x0000000008007180                _close_r
 .text          0x00000000080071a4       0x28 /usr/lib/gcc/arm-none-eabi/10.3.1/../../../arm-none-eabi/lib/thumb/v7-m/nofp/libc_nano.a(lib_a-fstatr.o)
                0x00000000080071a4                _fstat_r
 .text          0x00000000080071cc      0x2f0 /usr/lib/gcc/arm-none-eabi/10.3.1/../../../arm-none-eabi/lib/thumb/v7-m/nofp/libc_nano.a(lib_a-fvwrite.o)
                0x00000000080071cc                __sfvwrite_r
 .text          0x00000000080074bc       0x24 /usr/lib/gcc/arm-none-eabi/10.3.1/../../../arm-none-eabi/lib/thumb/v7-m/nofp/libc_nano.a(lib_a-isattyr.o)
                0x00000000080074bc                _isatty_r
 .text          0x00000000080074e0       0x2c /usr/lib/gcc/arm-none-eabi/10.3.1/../../../arm-none-eabi/lib/thumb/v7-m/nofp/libc_nano.a(lib_a-lseekr.o)
                0x00000000080074e0                _lseek_r
 .text          0x000000000800750c       0x90 /usr/lib/gcc/arm-none-eabi/10.3.1/../../../arm-none-eabi/lib/thumb/v7-m/nofp/libc_nano.a(lib_a-memchr-stub.o)
                0x000000000800750c                memchr
 .text          0x000000000800759c       0xf8 /usr/lib/gcc/arm-none-eabi/10.3.1/../../../arm-none-eabi/lib/thumb/v7-m/nofp/libc_nano.a(lib_a-memmove.o)
                0x000000000800759c                memmove
 .text          0x0000000008007694        0x8 /usr/lib/gcc/arm-none-eabi/10.3.1/../../../arm-none-eabi/lib/thumb/v7-m/nofp/libc_nano.a(lib_a-mlock.o)
                0x0000000008007694                __malloc_lock
                0x0000000008007698                __malloc_unlock
 .text          0x000000000800769c       0x50 /usr/lib/gcc/arm-none-eabi/10.3.1/../../../arm-none-eabi/lib/thumb/v7-m/nofp/libc_nano.a(lib_a-nano-reallocr.o)
                0x000000000800769c                _realloc_r
 .text          0x00000000080076ec       0x2c /usr/lib/gcc/arm-none-eabi/10.3.1/../../../arm-none-eabi/lib/thumb/v7-m/nofp/libc_nano.a(lib_a-readr.o)
                0x00000000080076ec                _read_r
 .text          0x0000000008007718       0x14 /usr/lib/gcc/arm-none-eabi/10.3.1/../../../arm-none-eabi/lib/thumb/v7-m/nofp/libc_nano.a(lib_a-nano-msizer.o)
                0x0000000008007718                _malloc_usable_size_r
 .text          0x000000000800772c       0x10 /usr/lib/gcc/arm-none-eabi/10.3.1/../../../arm-none-eabi/lib/thumb/v7-m/nofp/libnosys.a(close.o)
                0x000000000800772c                _close
 .text          0x000000000800773c       0x10 /usr/lib/gcc/arm-none-eabi/10.3.1/../../../arm-none-eabi/lib/thumb/v7-m/nofp/libnosys.a(fstat.o)
                0x000000000800773c                _fstat
 .text          0x000000000800774c       0x10 /usr/lib/gcc/arm-none-eabi/10.3.1/../../../arm-none-eabi/lib/thumb/v7-m/nofp/libnosys.a(isatty.o)
                0x000000000800774c                _isatty
 .text          0x000000000800775c       0x10 /usr/lib/gcc/arm-none-eabi/10.3.1/../../../arm-none-eabi/lib/thumb/v7-m/nofp/libnosys.a(lseek.o)
                0x000000000800775c                _lseek
 .text          0x000000000800776c       0x10 /usr/lib/gcc/arm-none-eabi/10.3.1/../../../arm-none-eabi/lib/thumb/v7-m/nofp/libnosys.a(read.o)
                0x000000000800776c                _read
 .text          0x000000000800777c       0x1c /usr/lib/gcc/arm-none-eabi/10.3.1/../../../arm-none-eabi/lib/thumb/v7-m/nofp/libnosys.a(sbrk.o)
                0x000000000800777c                _sbrk
 .text          0x0000000008007798       0x10 /usr/lib/gcc/arm-none-eabi/10.3.1/../../../arm-none-eabi/lib/thumb/v7-m/nofp/libnosys.a(write.o)
                0x0000000008007798                _write
 *(.text*)
 .text.startup  0x00000000080077a8      0x524 obj/main.o
                0x00000000080077a8                main
 .text.Reset_Handler
                0x0000000008007ccc       0x44 obj/all_asm.o
                0x0000000008007ccc                Reset_Handler
 .text.Default_Handler
                0x0000000008007d10        0x2 obj/all_asm.o
                0x0000000008007d10                TIM8_TRG_COM_IRQHandler
                0x0000000008007d10                TIM8_CC_IRQHandler
                0x0000000008007d10                DebugMon_Handler
                0x0000000008007d10                TIM1_CC_IRQHandler
                0x0000000008007d10                HardFault_Handler
                0x0000000008007d10                TIM6_IRQHandler
                0x0000000008007d10                SysTick_Handler
                0x0000000008007d10                PVD_IRQHandler
                0x0000000008007d10                SDIO_IRQHandler
                0x0000000008007d10                PendSV_Handler
                0x0000000008007d10                NMI_Handler
                0x0000000008007d10                EXTI0_IRQHandler
                0x0000000008007d10                I2C2_EV_IRQHandler
                0x0000000008007d10                UsageFault_Handler
                0x0000000008007d10                ADC1_2_IRQHandler
                0x0000000008007d10                SPI1_IRQHandler
                0x0000000008007d10                TAMPER_IRQHandler
                0x0000000008007d10                TIM8_UP_IRQHandler
                0x0000000008007d10                DMA2_Channel2_IRQHandler
                0x0000000008007d10                DMA1_Channel4_IRQHandler
                0x0000000008007d10                USART3_IRQHandler
                0x0000000008007d10                RTC_IRQHandler
                0x0000000008007d10                DMA1_Channel7_IRQHandler
                0x0000000008007d10                CAN1_RX1_IRQHandler
                0x0000000008007d10                UART5_IRQHandler
                0x0000000008007d10                ADC3_IRQHandler
                0x0000000008007d10                TIM4_IRQHandler
                0x0000000008007d10                DMA2_Channel1_IRQHandler
                0x0000000008007d10                I2C1_EV_IRQHandler
                0x0000000008007d10                DMA1_Channel6_IRQHandler
                0x0000000008007d10                UART4_IRQHandler
                0x0000000008007d10                TIM3_IRQHandler
                0x0000000008007d10                RCC_IRQHandler
                0x0000000008007d10                TIM1_TRG_COM_IRQHandler
                0x0000000008007d10                DMA1_Channel1_IRQHandler
                0x0000000008007d10                Default_Handler
                0x0000000008007d10                EXTI15_10_IRQHandler
                0x0000000008007d10                TIM7_IRQHandler
                0x0000000008007d10                TIM5_IRQHandler
                0x0000000008007d10                EXTI9_5_IRQHandler
                0x0000000008007d10                SPI2_IRQHandler
                0x0000000008007d10                MemManage_Handler
                0x0000000008007d10                SVC_Handler
                0x0000000008007d10                DMA1_Channel5_IRQHandler
                0x0000000008007d10                EXTI4_IRQHandler
                0x0000000008007d10                USB_LP_CAN1_RX0_IRQHandler
                0x0000000008007d10                USB_HP_CAN1_TX_IRQHandler
                0x0000000008007d10                DMA1_Channel3_IRQHandler
                0x0000000008007d10                FSMC_IRQHandler
                0x0000000008007d10                TIM1_UP_IRQHandler
                0x0000000008007d10                WWDG_IRQHandler
                0x0000000008007d10                TIM1_BRK_IRQHandler
                0x0000000008007d10                EXTI1_IRQHandler
                0x0000000008007d10                RTCAlarm_IRQHandler
                0x0000000008007d10                DMA2_Channel4_5_IRQHandler
                0x0000000008007d10                USART2_IRQHandler
                0x0000000008007d10                I2C2_ER_IRQHandler
                0x0000000008007d10                DMA1_Channel2_IRQHandler
                0x0000000008007d10                TIM8_BRK_IRQHandler
                0x0000000008007d10                CAN1_SCE_IRQHandler
                0x0000000008007d10                FLASH_IRQHandler
                0x0000000008007d10                BusFault_Handler
                0x0000000008007d10                SPI3_IRQHandler
                0x0000000008007d10                I2C1_ER_IRQHandler
                0x0000000008007d10                USBWakeUp_IRQHandler
                0x0000000008007d10                DMA2_Channel3_IRQHandler
 *(.glue_7)
 .glue_7        0x0000000008007d12        0x0 linker stubs
 *(.glue_7t)
 .glue_7t       0x0000000008007d12        0x0 linker stubs
 *(.eh_frame)
 *fill*         0x0000000008007d12        0x2 
 .eh_frame      0x0000000008007d14        0x0 /usr/lib/gcc/arm-none-eabi/10.3.1/thumb/v7-m/nofp/crtbegin.o
 *(.init)
 .init          0x0000000008007d14        0x4 /usr/lib/gcc/arm-none-eabi/10.3.1/thumb/v7-m/nofp/crti.o
                0x0000000008007d14                _init
 .init          0x0000000008007d18        0x8 /usr/lib/gcc/arm-none-eabi/10.3.1/thumb/v7-m/nofp/crtn.o
 *(.fini)
 .fini          0x0000000008007d20        0x4 /usr/lib/gcc/arm-none-eabi/10.3.1/thumb/v7-m/nofp/crti.o
                0x0000000008007d20                _fini
 .fini          0x0000000008007d24        0x8 /usr/lib/gcc/arm-none-eabi/10.3.1/thumb/v7-m/nofp/crtn.o
                0x0000000008007d2c                . = ALIGN (0x4)
                0x0000000008007d2c                _etext = .

.vfp11_veneer   0x0000000008007d2c        0x0
 .vfp11_veneer  0x0000000008007d2c        0x0 linker stubs

.v4_bx          0x0000000008007d2c        0x0
 .v4_bx         0x0000000008007d2c        0x0 linker stubs

.iplt           0x0000000008007d2c        0x0
 .iplt          0x0000000008007d2c        0x0 /usr/lib/gcc/arm-none-eabi/10.3.1/thumb/v7-m/nofp/crtbegin.o

.rodata         0x0000000008007d2c      0x714
                0x0000000008007d2c                . = ALIGN (0x4)
 *(.rodata)
 .rodata        0x0000000008007d2c       0x25 obj/main.o
 *fill*         0x0000000008007d51        0x1 
 .rodata        0x0000000008007d52        0x8 obj/parser.o
 *fill*         0x0000000008007d5a        0x2 
 .rodata        0x0000000008007d5c       0x2c obj/ltc268x.o
 .rodata        0x0000000008007d88        0x4 /usr/lib/gcc/arm-none-eabi/10.3.1/../../../arm-none-eabi/lib/thumb/v7-m/nofp/libc_nano.a(lib_a-impure.o)
                0x0000000008007d88                _global_impure_ptr
 .rodata        0x0000000008007d8c      0x101 /usr/lib/gcc/arm-none-eabi/10.3.1/../../../arm-none-eabi/lib/thumb/v7-m/nofp/libc_nano.a(lib_a-ctype_.o)
                0x0000000008007d8c                _ctype_
 *fill*         0x0000000008007e8d        0x3 
 .rodata        0x0000000008007e90       0x60 /usr/lib/gcc/arm-none-eabi/10.3.1/../../../arm-none-eabi/lib/thumb/v7-m/nofp/libc_nano.a(lib_a-findfp.o)
                0x0000000008007e90                __sf_fake_stderr
                0x0000000008007eb0                __sf_fake_stdout
                0x0000000008007ed0                __sf_fake_stdin
 *(.rodata*)
 .rodata.str1.1
                0x0000000008007ef0        0x3 obj/lantask.o
 .rodata.str1.1
                0x0000000008007ef3      0x38e obj/main.o
                                        0x391 (size before relaxing)
 .rodata.str1.1
                0x0000000008008281      0x12c obj/parser.o
 .rodata.str1.1
                0x00000000080083ad       0x44 obj/ltc268x.o
 .rodata.str1.1
                0x00000000080083f1       0x11 obj/uart.o
 *fill*         0x0000000008008402        0x2 
 .rodata.str1.4
                0x0000000008008404       0x13 /usr/lib/gcc/arm-none-eabi/10.3.1/../../../arm-none-eabi/lib/thumb/v7-m/nofp/libc_nano.a(lib_a-nano-svfprintf.o)
 .rodata.str1.4
                0x0000000008008417       0x13 /usr/lib/gcc/arm-none-eabi/10.3.1/../../../arm-none-eabi/lib/thumb/v7-m/nofp/libc_nano.a(lib_a-nano-vfprintf.o)
 *fill*         0x0000000008008417        0x1 
 .rodata.str1.4
                0x0000000008008418       0x25 /usr/lib/gcc/arm-none-eabi/10.3.1/../../../arm-none-eabi/lib/thumb/v7-m/nofp/libc_nano.a(lib_a-nano-vfprintf_i.o)
                0x0000000008008440                . = ALIGN (0x4)
 *fill*         0x000000000800843d        0x3 

.ARM.extab
 *(.ARM.extab* .gnu.linkonce.armextab.*)

.ARM            0x0000000008008440        0x8
                0x0000000008008440                __exidx_start = .
 *(.ARM.exidx*)
 .ARM.exidx     0x0000000008008440        0x8 /usr/lib/gcc/arm-none-eabi/10.3.1/thumb/v7-m/nofp/libgcc.a(_udivmoddi4.o)
                0x0000000008008448                __exidx_end = .

.rel.dyn        0x0000000008008448        0x0
 .rel.iplt      0x0000000008008448        0x0 /usr/lib/gcc/arm-none-eabi/10.3.1/thumb/v7-m/nofp/crtbegin.o

.preinit_array  0x0000000008008448        0x0
                0x0000000008008448                PROVIDE (__preinit_array_start = .)
 *(.preinit_array*)
                0x0000000008008448                PROVIDE (__preinit_array_end = .)

.init_array     0x0000000008008448        0x4
                0x0000000008008448                PROVIDE (__init_array_start = .)
 *(SORT_BY_NAME(.init_array.*))
 *(.init_array*)
 .init_array    0x0000000008008448        0x4 /usr/lib/gcc/arm-none-eabi/10.3.1/thumb/v7-m/nofp/crtbegin.o
                0x000000000800844c                PROVIDE (__init_array_end = .)

.fini_array     0x000000000800844c        0x4
                0x000000000800844c                PROVIDE (__fini_array_start = .)
 *(SORT_BY_NAME(.fini_array.*))
 *(.fini_array*)
 .fini_array    0x000000000800844c        0x4 /usr/lib/gcc/arm-none-eabi/10.3.1/thumb/v7-m/nofp/crtbegin.o
                0x0000000008008450                PROVIDE (__fini_array_end = .)
                0x0000000008008450                _sidata = LOADADDR (.data)

.data           0x0000000020000000       0xe0 load address 0x0000000008008450
                0x0000000020000000                . = ALIGN (0x4)
                0x0000000020000000                _sdata = .
 *(.data)
 .data          0x0000000020000000        0x8 obj/I2C.o
 .data          0x0000000020000008        0x2 obj/lantask.o
 *fill*         0x000000002000000a        0x2 
 .data          0x000000002000000c       0x3c obj/parser.o
                0x0000000020000010                lfptr
 .data          0x0000000020000048        0x4 obj/system.o
                0x0000000020000048                SystemCoreClock
 .data          0x000000002000004c        0x2 obj/socket.o
 *fill*         0x000000002000004e        0x2 
 .data          0x0000000020000050       0x2c obj/wizchip_conf.o
                0x0000000020000050                WIZCHIP
 .data          0x000000002000007c       0x64 /usr/lib/gcc/arm-none-eabi/10.3.1/../../../arm-none-eabi/lib/thumb/v7-m/nofp/libc_nano.a(lib_a-impure.o)
                0x000000002000007c                _impure_ptr
 *(.data*)
                0x00000000200000e0                . = ALIGN (0x4)
                0x00000000200000e0                _edata = .

.tm_clone_table
                0x00000000200000e0        0x0 load address 0x0000000008008530
 .tm_clone_table
                0x00000000200000e0        0x0 /usr/lib/gcc/arm-none-eabi/10.3.1/thumb/v7-m/nofp/crtbegin.o
 .tm_clone_table
                0x00000000200000e0        0x0 /usr/lib/gcc/arm-none-eabi/10.3.1/thumb/v7-m/nofp/crtend.o

.igot.plt       0x00000000200000e0        0x0 load address 0x0000000008008530
 .igot.plt      0x00000000200000e0        0x0 /usr/lib/gcc/arm-none-eabi/10.3.1/thumb/v7-m/nofp/crtbegin.o
                0x00000000200000e0                . = ALIGN (0x4)

.bss            0x00000000200000e0     0xe14c load address 0x0000000008008530
                0x00000000200000e0                _sbss = .
                0x00000000200000e0                __bss_start__ = _sbss
 *(.bss)
 .bss           0x00000000200000e0       0x1c /usr/lib/gcc/arm-none-eabi/10.3.1/thumb/v7-m/nofp/crtbegin.o
 .bss           0x00000000200000fc        0xe obj/I2C.o
 .bss           0x000000002000010a      0x801 obj/lantask.o
                0x000000002000010a                sn
                0x000000002000010b                g_dat_buf
 *fill*         0x000000002000090b        0x1 
 .bss           0x000000002000090c     0x1016 obj/main.o
                0x0000000020001921                thereISpkt
 *fill*         0x0000000020001922        0x2 
 .bss           0x0000000020001924     0xc7e8 obj/parser.o
                0x0000000020001950                p_dac
                0x0000000020001954                seq_chain_mask
                0x00000000200019b4                seq_chain_target
                0x00000000200019cc                seq_chain_irq_every
                0x0000000020001e50                seq_irq_every_points
                0x0000000020001e80                seq_internal_irq_pending
                0x0000000020001ecc                seqs
 .bss           0x000000002000e10c        0x8 obj/fact_reset.o
 .bss           0x000000002000e114       0x8d obj/no_os_platform.o
 *fill*         0x000000002000e1a1        0x3 
 .bss           0x000000002000e1a4       0x4e obj/togglepins.o
                0x000000002000e1a4                tgp_high_reload
                0x000000002000e1bc                tgp_low_reload
                0x000000002000e1d4                tgp_counters
                0x000000002000e1ec                tgp_is_high
 *fill*         0x000000002000e1f2        0x2 
 .bss           0x000000002000e1f4        0x4 obj/uart.o
 .bss           0x000000002000e1f8       0x1c obj/socket.o
                0x000000002000e20c                sock_pack_info
 .bss           0x000000002000e214        0x5 obj/wizchip_conf.o
 *fill*         0x000000002000e219        0x3 
 .bss           0x000000002000e21c        0x8 /usr/lib/gcc/arm-none-eabi/10.3.1/../../../arm-none-eabi/lib/thumb/v7-m/nofp/libc_nano.a(lib_a-nano-mallocr.o)
                0x000000002000e21c                __malloc_free_list
                0x000000002000e220                __malloc_sbrk_start
 .bss           0x000000002000e224        0x4 /usr/lib/gcc/arm-none-eabi/10.3.1/../../../arm-none-eabi/lib/thumb/v7-m/nofp/libc_nano.a(lib_a-reent.o)
                0x000000002000e224                errno
 .bss           0x000000002000e228        0x4 /usr/lib/gcc/arm-none-eabi/10.3.1/../../../arm-none-eabi/lib/thumb/v7-m/nofp/libnosys.a(sbrk.o)
 *(.bss*)
 *(COMMON)
                0x000000002000e22c                . = ALIGN (0x4)
                0x000000002000e22c                _ebss = .
                0x000000002000e22c                __bss_end__ = _ebss

._user_heap_stack
                0x000000002000e22c      0x604 load address 0x0000000008008530
                0x000000002000e230                . = ALIGN (0x8)
 *fill*         0x000000002000e22c        0x4 
                0x000000002000e230                PROVIDE (end = .)
                [!provide]                        PROVIDE (_end = .)
                0x000000002000e430                . = (. + _Min_Heap_Size)
 *fill*         0x000000002000e230      0x200 
                0x000000002000e830                . = (. + _Min_Stack_Size)
 *fill*         0x000000002000e430      0x400 
                0x000000002000e830                . = ALIGN (0x8)

/DISCARD/
 libc.a(*)
 libm.a(*)
 libgcc.a(*)

.ARM.attributes
                0x0000000000000000       0x29
 *(.ARM.attributes)
 .ARM.attributes
                0x0000000000000000       0x1d /usr/lib/gcc/arm-none-eabi/10.3.1/thumb/v7-m/nofp/crti.o
 .ARM.attributes
                0x000000000000001d       0x2d /usr/lib/gcc/arm-none-eabi/10.3.1/thumb/v7-m/nofp/crtbegin.o
 .ARM.attributes
                0x000000000000004a       0x2d obj/I2C.o
 .ARM.attributes
                0x0000000000000077       0x2d obj/lantask.o
 .ARM.attributes
                0x00000000000000a4       0x2d obj/main.o
 .ARM.attributes
                0x00000000000000d1       0x2d obj/parser.o
 .ARM.attributes
                0x00000000000000fe       0x33 obj/system.o
 .ARM.attributes
                0x0000000000000131       0x2d obj/HSE_CLK.o
 .ARM.attributes
                0x000000000000015e       0x2d obj/fact_reset.o
 .ARM.attributes
                0x000000000000018b       0x2d obj/flash.o
 .ARM.attributes
                0x00000000000001b8       0x2d obj/ltc268x.o
 .ARM.attributes
                0x00000000000001e5       0x2d obj/net_config.o
 .ARM.attributes
                0x0000000000000212       0x2d obj/no_os_platform.o
 .ARM.attributes
                0x000000000000023f       0x2d obj/no_os_util.o
 .ARM.attributes
                0x000000000000026c       0x2d obj/pin_intr.o
 .ARM.attributes
                0x0000000000000299       0x2d obj/spi.o
 .ARM.attributes
                0x00000000000002c6       0x2d obj/togglepins.o
 .ARM.attributes
                0x00000000000002f3       0x2d obj/triggers.o
 .ARM.attributes
                0x0000000000000320       0x2d obj/uart.o
 .ARM.attributes
                0x000000000000034d       0x2d obj/socket.o
 .ARM.attributes
                0x000000000000037a       0x2d obj/w5500.o
 .ARM.attributes
                0x00000000000003a7       0x2d obj/wizchip_conf.o
 .ARM.attributes
                0x00000000000003d4       0x21 obj/all_asm.o
 .ARM.attributes
                0x00000000000003f5       0x1d /usr/lib/gcc/arm-none-eabi/10.3.1/thumb/v7-m/nofp/libgcc.a(_arm_addsubsf3.o)
 .ARM.attributes
                0x0000000000000412       0x1d /usr/lib/gcc/arm-none-eabi/10.3.1/thumb/v7-m/nofp/libgcc.a(_arm_muldivsf3.o)
 .ARM.attributes
                0x000000000000042f       0x1d /usr/lib/gcc/arm-none-eabi/10.3.1/thumb/v7-m/nofp/libgcc.a(_arm_cmpsf2.o)
 .ARM.attributes
                0x000000000000044c       0x1d /usr/lib/gcc/arm-none-eabi/10.3.1/thumb/v7-m/nofp/libgcc.a(_arm_fixunssfsi.o)
 .ARM.attributes
                0x0000000000000469       0x1d /usr/lib/gcc/arm-none-eabi/10.3.1/thumb/v7-m/nofp/libgcc.a(_aeabi_ldivmod.o)
 .ARM.attributes
                0x0000000000000486       0x1d /usr/lib/gcc/arm-none-eabi/10.3.1/thumb/v7-m/nofp/libgcc.a(_aeabi_uldivmod.o)
 .ARM.attributes
                0x00000000000004a3       0x2d /usr/lib/gcc/arm-none-eabi/10.3.1/thumb/v7-m/nofp/libgcc.a(_udivmoddi4.o)
 .ARM.attributes
                0x00000000000004d0       0x1d /usr/lib/gcc/arm-none-eabi/10.3.1/thumb/v7-m/nofp/libgcc.a(_dvmd_tls.o)
 .ARM.attributes
                0x00000000000004ed       0x2d /usr/lib/gcc/arm-none-eabi/10.3.1/../../../arm-none-eabi/lib/thumb/v7-m/nofp/libc_nano.a(lib_a-impure.o)
 .ARM.attributes
                0x000000000000051a       0x1b /usr/lib/gcc/arm-none-eabi/10.3.1/../../../arm-none-eabi/lib/thumb/v7-m/nofp/libc_nano.a(lib_a-memcpy.o)
 .ARM.attributes
                0x0000000000000535       0x2d /usr/lib/gcc/arm-none-eabi/10.3.1/../../../arm-none-eabi/lib/thumb/v7-m/nofp/libc_nano.a(lib_a-memset.o)
 .ARM.attributes
                0x0000000000000562       0x2d /usr/lib/gcc/arm-none-eabi/10.3.1/../../../arm-none-eabi/lib/thumb/v7-m/nofp/libc_nano.a(lib_a-printf.o)
 .ARM.attributes
                0x000000000000058f       0x2d /usr/lib/gcc/arm-none-eabi/10.3.1/../../../arm-none-eabi/lib/thumb/v7-m/nofp/libc_nano.a(lib_a-puts.o)
 .ARM.attributes
                0x00000000000005bc       0x2d /usr/lib/gcc/arm-none-eabi/10.3.1/../../../arm-none-eabi/lib/thumb/v7-m/nofp/libc_nano.a(lib_a-snprintf.o)
 .ARM.attributes
                0x00000000000005e9       0x2d /usr/lib/gcc/arm-none-eabi/10.3.1/../../../arm-none-eabi/lib/thumb/v7-m/nofp/libc_nano.a(lib_a-sprintf.o)
 .ARM.attributes
                0x0000000000000616       0x2d /usr/lib/gcc/arm-none-eabi/10.3.1/../../../arm-none-eabi/lib/thumb/v7-m/nofp/libc_nano.a(lib_a-strtol.o)
 .ARM.attributes
                0x0000000000000643       0x2d /usr/lib/gcc/arm-none-eabi/10.3.1/../../../arm-none-eabi/lib/thumb/v7-m/nofp/libc_nano.a(lib_a-strtoul.o)
 .ARM.attributes
                0x0000000000000670       0x2d /usr/lib/gcc/arm-none-eabi/10.3.1/../../../arm-none-eabi/lib/thumb/v7-m/nofp/libc_nano.a(lib_a-wbuf.o)
 .ARM.attributes
                0x000000000000069d       0x2d /usr/lib/gcc/arm-none-eabi/10.3.1/../../../arm-none-eabi/lib/thumb/v7-m/nofp/libc_nano.a(lib_a-wsetup.o)
 .ARM.attributes
                0x00000000000006ca       0x2d /usr/lib/gcc/arm-none-eabi/10.3.1/../../../arm-none-eabi/lib/thumb/v7-m/nofp/libc_nano.a(lib_a-ctype_.o)
 .ARM.attributes
                0x00000000000006f7       0x2d /usr/lib/gcc/arm-none-eabi/10.3.1/../../../arm-none-eabi/lib/thumb/v7-m/nofp/libc_nano.a(lib_a-errno.o)
 .ARM.attributes
                0x0000000000000724       0x2d /usr/lib/gcc/arm-none-eabi/10.3.1/../../../arm-none-eabi/lib/thumb/v7-m/nofp/libc_nano.a(lib_a-fflush.o)
 .ARM.attributes
                0x0000000000000751       0x2d /usr/lib/gcc/arm-none-eabi/10.3.1/../../../arm-none-eabi/lib/thumb/v7-m/nofp/libc_nano.a(lib_a-findfp.o)
 .ARM.attributes
                0x000000000000077e       0x2d /usr/lib/gcc/arm-none-eabi/10.3.1/../../../arm-none-eabi/lib/thumb/v7-m/nofp/libc_nano.a(lib_a-fwalk.o)
 .ARM.attributes
                0x00000000000007ab       0x2d /usr/lib/gcc/arm-none-eabi/10.3.1/../../../arm-none-eabi/lib/thumb/v7-m/nofp/libc_nano.a(lib_a-makebuf.o)
 .ARM.attributes
                0x00000000000007d8       0x2d /usr/lib/gcc/arm-none-eabi/10.3.1/../../../arm-none-eabi/lib/thumb/v7-m/nofp/libc_nano.a(lib_a-nano-freer.o)
 .ARM.attributes
                0x0000000000000805       0x2d /usr/lib/gcc/arm-none-eabi/10.3.1/../../../arm-none-eabi/lib/thumb/v7-m/nofp/libc_nano.a(lib_a-nano-mallocr.o)
 .ARM.attributes
                0x0000000000000832       0x2d /usr/lib/gcc/arm-none-eabi/10.3.1/../../../arm-none-eabi/lib/thumb/v7-m/nofp/libc_nano.a(lib_a-nano-svfprintf.o)
 .ARM.attributes
                0x000000000000085f       0x2d /usr/lib/gcc/arm-none-eabi/10.3.1/../../../arm-none-eabi/lib/thumb/v7-m/nofp/libc_nano.a(lib_a-nano-vfprintf.o)
 .ARM.attributes
                0x000000000000088c       0x2d /usr/lib/gcc/arm-none-eabi/10.3.1/../../../arm-none-eabi/lib/thumb/v7-m/nofp/libc_nano.a(lib_a-nano-vfprintf_i.o)
 .ARM.attributes
                0x00000000000008b9       0x2d /usr/lib/gcc/arm-none-eabi/10.3.1/../../../arm-none-eabi/lib/thumb/v7-m/nofp/libc_nano.a(lib_a-sbrkr.o)
 .ARM.attributes
                0x00000000000008e6       0x2d /usr/lib/gcc/arm-none-eabi/10.3.1/../../../arm-none-eabi/lib/thumb/v7-m/nofp/libc_nano.a(lib_a-stdio.o)
 .ARM.attributes
                0x0000000000000913       0x2d /usr/lib/gcc/arm-none-eabi/10.3.1/../../../arm-none-eabi/lib/thumb/v7-m/nofp/libc_nano.a(lib_a-writer.o)
 .ARM.attributes
                0x0000000000000940       0x2d /usr/lib/gcc/arm-none-eabi/10.3.1/../../../arm-none-eabi/lib/thumb/v7-m/nofp/libc_nano.a(lib_a-closer.o)
 .ARM.attributes
                0x000000000000096d       0x2d /usr/lib/gcc/arm-none-eabi/10.3.1/../../../arm-none-eabi/lib/thumb/v7-m/nofp/libc_nano.a(lib_a-fstatr.o)
 .ARM.attributes
                0x000000000000099a       0x2d /usr/lib/gcc/arm-none-eabi/10.3.1/../../../arm-none-eabi/lib/thumb/v7-m/nofp/libc_nano.a(lib_a-fvwrite.o)
 .ARM.attributes
                0x00000000000009c7       0x2d /usr/lib/gcc/arm-none-eabi/10.3.1/../../../arm-none-eabi/lib/thumb/v7-m/nofp/libc_nano.a(lib_a-isattyr.o)
 .ARM.attributes
                0x00000000000009f4       0x2d /usr/lib/gcc/arm-none-eabi/10.3.1/../../../arm-none-eabi/lib/thumb/v7-m/nofp/libc_nano.a(lib_a-lseekr.o)
 .ARM.attributes
                0x0000000000000a21       0x2d /usr/lib/gcc/arm-none-eabi/10.3.1/../../../arm-none-eabi/lib/thumb/v7-m/nofp/libc_nano.a(lib_a-memchr-stub.o)
 .ARM.attributes
                0x0000000000000a4e       0x2d /usr/lib/gcc/arm-none-eabi/10.3.1/../../../arm-none-eabi/lib/thumb/v7-m/nofp/libc_nano.a(lib_a-memmove.o)
 .ARM.attributes
                0x0000000000000a7b       0x2d /usr/lib/gcc/arm-none-eabi/10.3.1/../../../arm-none-eabi/lib/thumb/v7-m/nofp/libc_nano.a(lib_a-mlock.o)
 .ARM.attributes
                0x0000000000000aa8       0x2d /usr/lib/gcc/arm-none-eabi/10.3.1/../../../arm-none-eabi/lib/thumb/v7-m/nofp/libc_nano.a(lib_a-nano-reallocr.o)
 .ARM.attributes
                0x0000000000000ad5       0x2d /usr/lib/gcc/arm-none-eabi/10.3.1/../../../arm-none-eabi/lib/thumb/v7-m/nofp/libc_nano.a(lib_a-readr.o)
 .ARM.attributes
                0x0000000000000b02       0x2d /usr/lib/gcc/arm-none-eabi/10.3.1/../../../arm-none-eabi/lib/thumb/v7-m/nofp/libc_nano.a(lib_a-reent.o)
 .ARM.attributes
                0x0000000000000b2f       0x2d /usr/lib/gcc/arm-none-eabi/10.3.1/../../../arm-none-eabi/lib/thumb/v7-m/nofp/libc_nano.a(lib_a-nano-msizer.o)
 .ARM.attributes
                0x0000000000000b5c       0x2d /usr/lib/gcc/arm-none-eabi/10.3.1/../../../arm-none-eabi/lib/thumb/v7-m/nofp/libnosys.a(close.o)
 .ARM.attributes
                0x0000000000000b89       0x2d /usr/lib/gcc/arm-none-eabi/10.3.1/../../../arm-none-eabi/lib/thumb/v7-m/nofp/libnosys.a(fstat.o)
 .ARM.attributes
                0x0000000000000bb6       0x2d /usr/lib/gcc/arm-none-eabi/10.3.1/../../../arm-none-eabi/lib/thumb/v7-m/nofp/libnosys.a(isatty.o)
 .ARM.attributes
                0x0000000000000be3       0x2d /usr/lib/gcc/arm-none-eabi/10.3.1/../../../arm-none-eabi/lib/thumb/v7-m/nofp/libnosys.a(lseek.o)
 .ARM.attributes
                0x0000000000000c10       0x2d /usr/lib/gcc/arm-none-eabi/10.3.1/../../../arm-none-eabi/lib/thumb/v7-m/nofp/libnosys.a(read.o)
 .ARM.attributes
                0x0000000000000c3d       0x2d /usr/lib/gcc/arm-none-eabi/10.3.1/../../../arm-none-eabi/lib/thumb/v7-m/nofp/libnosys.a(sbrk.o)
 .ARM.attributes
                0x0000000000000c6a       0x2d /usr/lib/gcc/arm-none-eabi/10.3.1/../../../arm-none-eabi/lib/thumb/v7-m/nofp/libnosys.a(write.o)
 .ARM.attributes
                0x0000000000000c97       0x2d /usr/lib/gcc/arm-none-eabi/10.3.1/thumb/v7-m/nofp/crtend.o
 .ARM.attributes
                0x0000000000000cc4       0x1d /usr/lib/gcc/arm-none-eabi/10.3.1/thumb/v7-m/nofp/crtn.o
OUTPUT(bin/firmware.elf elf32-littlearm)
LOAD linker stubs
LOAD /usr/lib/gcc/arm-none-eabi/10.3.1/../../../arm-none-eabi/lib/thumb/v7-m/nofp/libc.a
LOAD /usr/lib/gcc/arm-none-eabi/10.3.1/../../../arm-none-eabi/lib/thumb/v7-m/nofp/libm.a
LOAD /usr/lib/gcc/arm-none-eabi/10.3.1/thumb/v7-m/nofp/libgcc.a

.comment        0x0000000000000000       0x33
 .comment       0x0000000000000000       0x33 /usr/lib/gcc/arm-none-eabi/10.3.1/thumb/v7-m/nofp/crtbegin.o
                                         0x34 (size before relaxing)
 .comment       0x0000000000000033       0x34 obj/I2C.o
 .comment       0x0000000000000033       0x34 obj/lantask.o
 .comment       0x0000000000000033       0x34 obj/main.o
 .comment       0x0000000000000033       0x34 obj/parser.o
 .comment       0x0000000000000033       0x34 obj/system.o
 .comment       0x0000000000000033       0x34 obj/HSE_CLK.o
 .comment       0x0000000000000033       0x34 obj/fact_reset.o
 .comment       0x0000000000000033       0x34 obj/flash.o
 .comment       0x0000000000000033       0x34 obj/ltc268x.o
 .comment       0x0000000000000033       0x34 obj/net_config.o
 .comment       0x0000000000000033       0x34 obj/no_os_platform.o
 .comment       0x0000000000000033       0x34 obj/no_os_util.o
 .comment       0x0000000000000033       0x34 obj/pin_intr.o
 .comment       0x0000000000000033       0x34 obj/spi.o
 .comment       0x0000000000000033       0x34 obj/togglepins.o
 .comment       0x0000000000000033       0x34 obj/triggers.o
 .comment       0x0000000000000033       0x34 obj/uart.o
 .comment       0x0000000000000033       0x34 obj/socket.o
 .comment       0x0000000000000033       0x34 obj/w5500.o
 .comment       0x0000000000000033       0x34 obj/wizchip_conf.o
 .comment       0x0000000000000033       0x34 /usr/lib/gcc/arm-none-eabi/10.3.1/thumb/v7-m/nofp/libgcc.a(_udivmoddi4.o)
 .comment       0x0000000000000033       0x34 /usr/lib/gcc/arm-none-eabi/10.3.1/../../../arm-none-eabi/lib/thumb/v7-m/nofp/libc_nano.a(lib_a-impure.o)
 .comment       0x0000000000000033       0x34 /usr/lib/gcc/arm-none-eabi/10.3.1/../../../arm-none-eabi/lib/thumb/v7-m/nofp/libc_nano.a(lib_a-memset.o)
 .comment       0x0000000000000033       0x34 /usr/lib/gcc/arm-none-eabi/10.3.1/../../../arm-none-eabi/lib/thumb/v7-m/nofp/libc_nano.a(lib_a-printf.o)
 .comment       0x0000000000000033       0x34 /usr/lib/gcc/arm-none-eabi/10.3.1/../../../arm-none-eabi/lib/thumb/v7-m/nofp/libc_nano.a(lib_a-puts.o)
 .comment       0x0000000000000033       0x34 /usr/lib/gcc/arm-none-eabi/10.3.1/../../../arm-none-eabi/lib/thumb/v7-m/nofp/libc_nano.a(lib_a-snprintf.o)
 .comment       0x0000000000000033       0x34 /usr/lib/gcc/arm-none-eabi/10.3.1/../../../arm-none-eabi/lib/thumb/v7-m/nofp/libc_nano.a(lib_a-sprintf.o)
 .comment       0x0000000000000033       0x34 /usr/lib/gcc/arm-none-eabi/10.3.1/../../../arm-none-eabi/lib/thumb/v7-m/nofp/libc_nano.a(lib_a-strtol.o)
 .comment       0x0000000000000033       0x34 /usr/lib/gcc/arm-none-eabi/10.3.1/../../../arm-none-eabi/lib/thumb/v7-m/nofp/libc_nano.a(lib_a-strtoul.o)
 .comment       0x0000000000000033       0x34 /usr/lib/gcc/arm-none-eabi/10.3.1/../../../arm-none-eabi/lib/thumb/v7-m/nofp/libc_nano.a(lib_a-wbuf.o)
 .comment       0x0000000000000033       0x34 /usr/lib/gcc/arm-none-eabi/10.3.1/../../../arm-none-eabi/lib/thumb/v7-m/nofp/libc_nano.a(lib_a-wsetup.o)
 .comment       0x0000000000000033       0x34 /usr/lib/gcc/arm-none-eabi/10.3.1/../../../arm-none-eabi/lib/thumb/v7-m/nofp/libc_nano.a(lib_a-ctype_.o)
 .comment       0x0000000000000033       0x34 /usr/lib/gcc/arm-none-eabi/10.3.1/../../../arm-none-eabi/lib/thumb/v7-m/nofp/libc_nano.a(lib_a-errno.o)
 .comment       0x0000000000000033       0x34 /usr/lib/gcc/arm-none-eabi/10.3.1/../../../arm-none-eabi/lib/thumb/v7-m/nofp/libc_nano.a(lib_a-fflush.o)
 .comment       0x0000000000000033       0x34 /usr/lib/gcc/arm-none-eabi/10.3.1/../../../arm-none-eabi/lib/thumb/v7-m/nofp/libc_nano.a(lib_a-findfp.o)
 .comment       0x0000000000000033       0x34 /usr/lib/gcc/arm-none-eabi/10.3.1/../../../arm-none-eabi/lib/thumb/v7-m/nofp/libc_nano.a(lib_a-fwalk.o)
 .comment       0x0000000000000033       0x34 /usr/lib/gcc/arm-none-eabi/10.3.1/../../../arm-none-eabi/lib/thumb/v7-m/nofp/libc_nano.a(lib_a-makebuf.o)
 .comment       0x0000000000000033       0x34 /usr/lib/gcc/arm-none-eabi/10.3.1/../../../arm-none-eabi/lib/thumb/v7-m/nofp/libc_nano.a(lib_a-nano-freer.o)
 .comment       0x0000000000000033       0x34 /usr/lib/gcc/arm-none-eabi/10.3.1/../../../arm-none-eabi/lib/thumb/v7-m/nofp/libc_nano.a(lib_a-nano-mallocr.o)
 .comment       0x0000000000000033       0x34 /usr/lib/gcc/arm-none-eabi/10.3.1/../../../arm-none-eabi/lib/thumb/v7-m/nofp/libc_nano.a(lib_a-nano-svfprintf.o)
 .comment       0x0000000000000033       0x34 /usr/lib/gcc/arm-none-eabi/10.3.1/../../../arm-none-eabi/lib/thumb/v7-m/nofp/libc_nano.a(lib_a-nano-vfprintf.o)
 .comment       0x0000000000000033       0x34 /usr/lib/gcc/arm-none-eabi/10.3.1/../../../arm-none-eabi/lib/thumb/v7-m/nofp/libc_nano.a(lib_a-nano-vfprintf_i.o)
 .comment       0x0000000000000033       0x34 /usr/lib/gcc/arm-none-eabi/10.3.1/../../../arm-none-eabi/lib/thumb/v7-m/nofp/libc_nano.a(lib_a-sbrkr.o)
 .comment       0x0000000000000033       0x34 /usr/lib/gcc/arm-none-eabi/10.3.1/../../../arm-none-eabi/lib/thumb/v7-m/nofp/libc_nano.a(lib_a-stdio.o)
 .comment       0x0000000000000033       0x34 /usr/lib/gcc/arm-none-eabi/10.3.1/../../../arm-none-eabi/lib/thumb/v7-m/nofp/libc_nano.a(lib_a-writer.o)
 .comment       0x0000000000000033       0x34 /usr/lib/gcc/arm-none-eabi/10.3.1/../../../arm-none-eabi/lib/thumb/v7-m/nofp/libc_nano.a(lib_a-closer.o)
 .comment       0x0000000000000033       0x34 /usr/lib/gcc/arm-none-eabi/10.3.1/../../../arm-none-eabi/lib/thumb/v7-m/nofp/libc_nano.a(lib_a-fstatr.o)
 .comment       0x0000000000000033       0x34 /usr/lib/gcc/arm-none-eabi/10.3.1/../../../arm-none-eabi/lib/thumb/v7-m/nofp/libc_nano.a(lib_a-fvwrite.o)
 .comment       0x0000000000000033       0x34 /usr/lib/gcc/arm-none-eabi/10.3.1/../../../arm-none-eabi/lib/thumb/v7-m/nofp/libc_nano.a(lib_a-isattyr.o)
 .comment       0x0000000000000033       0x34 /usr/lib/gcc/arm-none-eabi/10.3.1/../../../arm-none-eabi/lib/thumb/v7-m/nofp/libc_nano.a(lib_a-lseekr.o)
 .comment       0x0000000000000033       0x34 /usr/lib/gcc/arm-none-eabi/10.3.1/../../../arm-none-eabi/lib/thumb/v7-m/nofp/libc_nano.a(lib_a-memchr-stub.o)
 .comment       0x0000000000000033       0x34 /usr/lib/gcc/arm-none-eabi/10.3.1/../../../arm-none-eabi/lib/thumb/v7-m/nofp/libc_nano.a(lib_a-memmove.o)
 .comment       0x0000000000000033       0x34 /usr/lib/gcc/arm-none-eabi/10.3.1/../../../arm-none-eabi/lib/thumb/v7-m/nofp/libc_nano.a(lib_a-mlock.o)
 .comment       0x0000000000000033       0x34 /usr/lib/gcc/arm-none-eabi/10.3.1/../../../arm-none-eabi/lib/thumb/v7-m/nofp/libc_nano.a(lib_a-nano-reallocr.o)
 .comment       0x0000000000000033       0x34 /usr/lib/gcc/arm-none-eabi/10.3.1/../../../arm-none-eabi/lib/thumb/v7-m/nofp/libc_nano.a(lib_a-readr.o)
 .comment       0x0000000000000033       0x34 /usr/lib/gcc/arm-none-eabi/10.3.1/../../../arm-none-eabi/lib/thumb/v7-m/nofp/libc_nano.a(lib_a-reent.o)
 .comment       0x0000000000000033       0x34 /usr/lib/gcc/arm-none-eabi/10.3.1/../../../arm-none-eabi/lib/thumb/v7-m/nofp/libc_nano.a(lib_a-nano-msizer.o)
 .comment       0x0000000000000033       0x34 /usr/lib/gcc/arm-none-eabi/10.3.1/../../../arm-none-eabi/lib/thumb/v7-m/nofp/libnosys.a(close.o)
 .comment       0x0000000000000033       0x34 /usr/lib/gcc/arm-none-eabi/10.3.1/../../../arm-none-eabi/lib/thumb/v7-m/nofp/libnosys.a(fstat.o)
 .comment       0x0000000000000033       0x34 /usr/lib/gcc/arm-none-eabi/10.3.1/../../../arm-none-eabi/lib/thumb/v7-m/nofp/libnosys.a(isatty.o)
 .comment       0x0000000000000033       0x34 /usr/lib/gcc/arm-none-eabi/10.3.1/../../../arm-none-eabi/lib/thumb/v7-m/nofp/libnosys.a(lseek.o)
 .comment       0x0000000000000033       0x34 /usr/lib/gcc/arm-none-eabi/10.3.1/../../../arm-none-eabi/lib/thumb/v7-m/nofp/libnosys.a(read.o)
 .comment       0x0000000000000033       0x34 /usr/lib/gcc/arm-none-eabi/10.3.1/../../../arm-none-eabi/lib/thumb/v7-m/nofp/libnosys.a(sbrk.o)
 .comment       0x0000000000000033       0x34 /usr/lib/gcc/arm-none-eabi/10.3.1/../../../arm-none-eabi/lib/thumb/v7-m/nofp/libnosys.a(write.o)
 .comment       0x0000000000000033       0x34 /usr/lib/gcc/arm-none-eabi/10.3.1/thumb/v7-m/nofp/crtend.o

.debug_info     0x0000000000000000    0x25bd3
 .debug_info    0x0000000000000000      0xa3e obj/I2C.o
 .debug_info    0x0000000000000a3e      0x53d obj/lantask.o
 .debug_info    0x0000000000000f7b     0x176a obj/main.o
 .debug_info    0x00000000000026e5     0x3122 obj/parser.o
 .debug_info    0x0000000000005807       0x82 obj/system.o
 .debug_info    0x0000000000005889      0x201 obj/HSE_CLK.o
 .debug_info    0x0000000000005a8a      0x7c8 obj/fact_reset.o
 .debug_info    0x0000000000006252      0x296 obj/flash.o
 .debug_info    0x00000000000064e8     0x109b obj/ltc268x.o
 .debug_info    0x0000000000007583      0x251 obj/net_config.o
 .debug_info    0x00000000000077d4      0x636 obj/no_os_platform.o
 .debug_info    0x0000000000007e0a     0x1534 obj/no_os_util.o
 .debug_info    0x000000000000933e      0x834 obj/pin_intr.o
 .debug_info    0x0000000000009b72      0x727 obj/spi.o
 .debug_info    0x000000000000a299     0x13f0 obj/togglepins.o
 .debug_info    0x000000000000b689      0x2db obj/triggers.o
 .debug_info    0x000000000000b964      0x862 obj/uart.o
 .debug_info    0x000000000000c1c6     0x1749 obj/socket.o
 .debug_info    0x000000000000d90f      0x985 obj/w5500.o
 .debug_info    0x000000000000e294     0x16a9 obj/wizchip_conf.o
 .debug_info    0x000000000000f93d       0x26 /usr/lib/gcc/arm-none-eabi/10.3.1/thumb/v7-m/nofp/libgcc.a(_arm_addsubsf3.o)
 .debug_info    0x000000000000f963       0x26 /usr/lib/gcc/arm-none-eabi/10.3.1/thumb/v7-m/nofp/libgcc.a(_arm_muldivsf3.o)
 .debug_info    0x000000000000f989       0x26 /usr/lib/gcc/arm-none-eabi/10.3.1/thumb/v7-m/nofp/libgcc.a(_arm_cmpsf2.o)
 .debug_info    0x000000000000f9af       0x26 /usr/lib/gcc/arm-none-eabi/10.3.1/thumb/v7-m/nofp/libgcc.a(_arm_fixunssfsi.o)
 .debug_info    0x000000000000f9d5       0x26 /usr/lib/gcc/arm-none-eabi/10.3.1/thumb/v7-m/nofp/libgcc.a(_aeabi_ldivmod.o)
 .debug_info    0x000000000000f9fb       0x26 /usr/lib/gcc/arm-none-eabi/10.3.1/thumb/v7-m/nofp/libgcc.a(_aeabi_uldivmod.o)
 .debug_info    0x000000000000fa21      0x717 /usr/lib/gcc/arm-none-eabi/10.3.1/thumb/v7-m/nofp/libgcc.a(_udivmoddi4.o)
 .debug_info    0x0000000000010138       0x26 /usr/lib/gcc/arm-none-eabi/10.3.1/thumb/v7-m/nofp/libgcc.a(_dvmd_tls.o)
 .debug_info    0x000000000001015e      0x863 /usr/lib/gcc/arm-none-eabi/10.3.1/../../../arm-none-eabi/lib/thumb/v7-m/nofp/libc_nano.a(lib_a-impure.o)
 .debug_info    0x00000000000109c1       0x26 /usr/lib/gcc/arm-none-eabi/10.3.1/../../../arm-none-eabi/lib/thumb/v7-m/nofp/libc_nano.a(lib_a-memcpy.o)
 .debug_info    0x00000000000109e7      0x137 /usr/lib/gcc/arm-none-eabi/10.3.1/../../../arm-none-eabi/lib/thumb/v7-m/nofp/libc_nano.a(lib_a-memset.o)
 .debug_info    0x0000000000010b1e      0x8fd /usr/lib/gcc/arm-none-eabi/10.3.1/../../../arm-none-eabi/lib/thumb/v7-m/nofp/libc_nano.a(lib_a-printf.o)
 .debug_info    0x000000000001141b      0xa4e /usr/lib/gcc/arm-none-eabi/10.3.1/../../../arm-none-eabi/lib/thumb/v7-m/nofp/libc_nano.a(lib_a-puts.o)
 .debug_info    0x0000000000011e69      0x9b5 /usr/lib/gcc/arm-none-eabi/10.3.1/../../../arm-none-eabi/lib/thumb/v7-m/nofp/libc_nano.a(lib_a-snprintf.o)
 .debug_info    0x000000000001281e      0x926 /usr/lib/gcc/arm-none-eabi/10.3.1/../../../arm-none-eabi/lib/thumb/v7-m/nofp/libc_nano.a(lib_a-sprintf.o)
 .debug_info    0x0000000000013144      0xf00 /usr/lib/gcc/arm-none-eabi/10.3.1/../../../arm-none-eabi/lib/thumb/v7-m/nofp/libc_nano.a(lib_a-strtol.o)
 .debug_info    0x0000000000014044      0xd4d /usr/lib/gcc/arm-none-eabi/10.3.1/../../../arm-none-eabi/lib/thumb/v7-m/nofp/libc_nano.a(lib_a-strtoul.o)
 .debug_info    0x0000000000014d91      0x998 /usr/lib/gcc/arm-none-eabi/10.3.1/../../../arm-none-eabi/lib/thumb/v7-m/nofp/libc_nano.a(lib_a-wbuf.o)
 .debug_info    0x0000000000015729      0x902 /usr/lib/gcc/arm-none-eabi/10.3.1/../../../arm-none-eabi/lib/thumb/v7-m/nofp/libc_nano.a(lib_a-wsetup.o)
 .debug_info    0x000000000001602b       0xb8 /usr/lib/gcc/arm-none-eabi/10.3.1/../../../arm-none-eabi/lib/thumb/v7-m/nofp/libc_nano.a(lib_a-ctype_.o)
 .debug_info    0x00000000000160e3      0x7ae /usr/lib/gcc/arm-none-eabi/10.3.1/../../../arm-none-eabi/lib/thumb/v7-m/nofp/libc_nano.a(lib_a-errno.o)
 .debug_info    0x0000000000016891      0xb0a /usr/lib/gcc/arm-none-eabi/10.3.1/../../../arm-none-eabi/lib/thumb/v7-m/nofp/libc_nano.a(lib_a-fflush.o)
 .debug_info    0x000000000001739b      0xfae /usr/lib/gcc/arm-none-eabi/10.3.1/../../../arm-none-eabi/lib/thumb/v7-m/nofp/libc_nano.a(lib_a-findfp.o)
 .debug_info    0x0000000000018349      0x900 /usr/lib/gcc/arm-none-eabi/10.3.1/../../../arm-none-eabi/lib/thumb/v7-m/nofp/libc_nano.a(lib_a-fwalk.o)
 .debug_info    0x0000000000018c49      0xc8a /usr/lib/gcc/arm-none-eabi/10.3.1/../../../arm-none-eabi/lib/thumb/v7-m/nofp/libc_nano.a(lib_a-makebuf.o)
 .debug_info    0x00000000000198d3      0x940 /usr/lib/gcc/arm-none-eabi/10.3.1/../../../arm-none-eabi/lib/thumb/v7-m/nofp/libc_nano.a(lib_a-nano-freer.o)
 .debug_info    0x000000000001a213      0xa0c /usr/lib/gcc/arm-none-eabi/10.3.1/../../../arm-none-eabi/lib/thumb/v7-m/nofp/libc_nano.a(lib_a-nano-mallocr.o)
 .debug_info    0x000000000001ac1f     0x10d5 /usr/lib/gcc/arm-none-eabi/10.3.1/../../../arm-none-eabi/lib/thumb/v7-m/nofp/libc_nano.a(lib_a-nano-svfprintf.o)
 .debug_info    0x000000000001bcf4     0x115f /usr/lib/gcc/arm-none-eabi/10.3.1/../../../arm-none-eabi/lib/thumb/v7-m/nofp/libc_nano.a(lib_a-nano-vfprintf.o)
 .debug_info    0x000000000001ce53      0xe9e /usr/lib/gcc/arm-none-eabi/10.3.1/../../../arm-none-eabi/lib/thumb/v7-m/nofp/libc_nano.a(lib_a-nano-vfprintf_i.o)
 .debug_info    0x000000000001dcf1      0x828 /usr/lib/gcc/arm-none-eabi/10.3.1/../../../arm-none-eabi/lib/thumb/v7-m/nofp/libc_nano.a(lib_a-sbrkr.o)
 .debug_info    0x000000000001e519      0xabc /usr/lib/gcc/arm-none-eabi/10.3.1/../../../arm-none-eabi/lib/thumb/v7-m/nofp/libc_nano.a(lib_a-stdio.o)
 .debug_info    0x000000000001efd5      0x85a /usr/lib/gcc/arm-none-eabi/10.3.1/../../../arm-none-eabi/lib/thumb/v7-m/nofp/libc_nano.a(lib_a-writer.o)
 .debug_info    0x000000000001f82f      0x805 /usr/lib/gcc/arm-none-eabi/10.3.1/../../../arm-none-eabi/lib/thumb/v7-m/nofp/libc_nano.a(lib_a-closer.o)
 .debug_info    0x0000000000020034      0xa1d /usr/lib/gcc/arm-none-eabi/10.3.1/../../../arm-none-eabi/lib/thumb/v7-m/nofp/libc_nano.a(lib_a-fstatr.o)
 .debug_info    0x0000000000020a51      0xb54 /usr/lib/gcc/arm-none-eabi/10.3.1/../../../arm-none-eabi/lib/thumb/v7-m/nofp/libc_nano.a(lib_a-fvwrite.o)
 .debug_info    0x00000000000215a5      0x805 /usr/lib/gcc/arm-none-eabi/10.3.1/../../../arm-none-eabi/lib/thumb/v7-m/nofp/libc_nano.a(lib_a-isattyr.o)
 .debug_info    0x0000000000021daa      0x83b /usr/lib/gcc/arm-none-eabi/10.3.1/../../../arm-none-eabi/lib/thumb/v7-m/nofp/libc_nano.a(lib_a-lseekr.o)
 .debug_info    0x00000000000225e5      0x14e /usr/lib/gcc/arm-none-eabi/10.3.1/../../../arm-none-eabi/lib/thumb/v7-m/nofp/libc_nano.a(lib_a-memchr-stub.o)
 .debug_info    0x0000000000022733      0x152 /usr/lib/gcc/arm-none-eabi/10.3.1/../../../arm-none-eabi/lib/thumb/v7-m/nofp/libc_nano.a(lib_a-memmove.o)
 .debug_info    0x0000000000022885      0x7dc /usr/lib/gcc/arm-none-eabi/10.3.1/../../../arm-none-eabi/lib/thumb/v7-m/nofp/libc_nano.a(lib_a-mlock.o)
 .debug_info    0x0000000000023061      0x911 /usr/lib/gcc/arm-none-eabi/10.3.1/../../../arm-none-eabi/lib/thumb/v7-m/nofp/libc_nano.a(lib_a-nano-reallocr.o)
 .debug_info    0x0000000000023972      0x853 /usr/lib/gcc/arm-none-eabi/10.3.1/../../../arm-none-eabi/lib/thumb/v7-m/nofp/libc_nano.a(lib_a-readr.o)
 .debug_info    0x00000000000241c5      0xa7e /usr/lib/gcc/arm-none-eabi/10.3.1/../../../arm-none-eabi/lib/thumb/v7-m/nofp/libc_nano.a(lib_a-reent.o)
 .debug_info    0x0000000000024c43      0x840 /usr/lib/gcc/arm-none-eabi/10.3.1/../../../arm-none-eabi/lib/thumb/v7-m/nofp/libc_nano.a(lib_a-nano-msizer.o)
 .debug_info    0x0000000000025483       0xb1 /usr/lib/gcc/arm-none-eabi/10.3.1/../../../arm-none-eabi/lib/thumb/v7-m/nofp/libnosys.a(close.o)
 .debug_info    0x0000000000025534      0x2cc /usr/lib/gcc/arm-none-eabi/10.3.1/../../../arm-none-eabi/lib/thumb/v7-m/nofp/libnosys.a(fstat.o)
 .debug_info    0x0000000000025800       0xb1 /usr/lib/gcc/arm-none-eabi/10.3.1/../../../arm-none-eabi/lib/thumb/v7-m/nofp/libnosys.a(isatty.o)
 .debug_info    0x00000000000258b1       0xd3 /usr/lib/gcc/arm-none-eabi/10.3.1/../../../arm-none-eabi/lib/thumb/v7-m/nofp/libnosys.a(lseek.o)
 .debug_info    0x0000000000025984       0xd9 /usr/lib/gcc/arm-none-eabi/10.3.1/../../../arm-none-eabi/lib/thumb/v7-m/nofp/libnosys.a(read.o)
 .debug_info    0x0000000000025a5d       0x9d /usr/lib/gcc/arm-none-eabi/10.3.1/../../../arm-none-eabi/lib/thumb/v7-m/nofp/libnosys.a(sbrk.o)
 .debug_info    0x0000000000025afa       0xd9 /usr/lib/gcc/arm-none-eabi/10.3.1/../../../arm-none-eabi/lib/thumb/v7-m/nofp/libnosys.a(write.o)

.debug_abbrev   0x0000000000000000     0x7f32
 .debug_abbrev  0x0000000000000000      0x3c7 obj/I2C.o
 .debug_abbrev  0x00000000000003c7      0x1e9 obj/lantask.o
 .debug_abbrev  0x00000000000005b0      0x3fc obj/main.o
 .debug_abbrev  0x00000000000009ac      0x5be obj/parser.o
 .debug_abbrev  0x0000000000000f6a       0x48 obj/system.o
 .debug_abbrev  0x0000000000000fb2       0xce obj/HSE_CLK.o
 .debug_abbrev  0x0000000000001080      0x2a2 obj/fact_reset.o
 .debug_abbrev  0x0000000000001322      0x152 obj/flash.o
 .debug_abbrev  0x0000000000001474      0x2b8 obj/ltc268x.o
 .debug_abbrev  0x000000000000172c      0x164 obj/net_config.o
 .debug_abbrev  0x0000000000001890      0x1f8 obj/no_os_platform.o
 .debug_abbrev  0x0000000000001a88      0x332 obj/no_os_util.o
 .debug_abbrev  0x0000000000001dba      0x1a1 obj/pin_intr.o
 .debug_abbrev  0x0000000000001f5b      0x24c obj/spi.o
 .debug_abbrev  0x00000000000021a7      0x3dc obj/togglepins.o
 .debug_abbrev  0x0000000000002583       0xca obj/triggers.o
 .debug_abbrev  0x000000000000264d      0x2b7 obj/uart.o
 .debug_abbrev  0x0000000000002904      0x2dd obj/socket.o
 .debug_abbrev  0x0000000000002be1      0x23c obj/w5500.o
 .debug_abbrev  0x0000000000002e1d      0x40f obj/wizchip_conf.o
 .debug_abbrev  0x000000000000322c       0x14 /usr/lib/gcc/arm-none-eabi/10.3.1/thumb/v7-m/nofp/libgcc.a(_arm_addsubsf3.o)
 .debug_abbrev  0x0000000000003240       0x14 /usr/lib/gcc/arm-none-eabi/10.3.1/thumb/v7-m/nofp/libgcc.a(_arm_muldivsf3.o)
 .debug_abbrev  0x0000000000003254       0x14 /usr/lib/gcc/arm-none-eabi/10.3.1/thumb/v7-m/nofp/libgcc.a(_arm_cmpsf2.o)
 .debug_abbrev  0x0000000000003268       0x14 /usr/lib/gcc/arm-none-eabi/10.3.1/thumb/v7-m/nofp/libgcc.a(_arm_fixunssfsi.o)
 .debug_abbrev  0x000000000000327c       0x14 /usr/lib/gcc/arm-none-eabi/10.3.1/thumb/v7-m/nofp/libgcc.a(_aeabi_ldivmod.o)
 .debug_abbrev  0x0000000000003290       0x14 /usr/lib/gcc/arm-none-eabi/10.3.1/thumb/v7-m/nofp/libgcc.a(_aeabi_uldivmod.o)
 .debug_abbrev  0x00000000000032a4      0x163 /usr/lib/gcc/arm-none-eabi/10.3.1/thumb/v7-m/nofp/libgcc.a(_udivmoddi4.o)
 .debug_abbrev  0x0000000000003407       0x14 /usr/lib/gcc/arm-none-eabi/10.3.1/thumb/v7-m/nofp/libgcc.a(_dvmd_tls.o)
 .debug_abbrev  0x000000000000341b      0x151 /usr/lib/gcc/arm-none-eabi/10.3.1/../../../arm-none-eabi/lib/thumb/v7-m/nofp/libc_nano.a(lib_a-impure.o)
 .debug_abbrev  0x000000000000356c       0x14 /usr/lib/gcc/arm-none-eabi/10.3.1/../../../arm-none-eabi/lib/thumb/v7-m/nofp/libc_nano.a(lib_a-memcpy.o)
 .debug_abbrev  0x0000000000003580       0xb4 /usr/lib/gcc/arm-none-eabi/10.3.1/../../../arm-none-eabi/lib/thumb/v7-m/nofp/libc_nano.a(lib_a-memset.o)
 .debug_abbrev  0x0000000000003634      0x23e /usr/lib/gcc/arm-none-eabi/10.3.1/../../../arm-none-eabi/lib/thumb/v7-m/nofp/libc_nano.a(lib_a-printf.o)
 .debug_abbrev  0x0000000000003872      0x28e /usr/lib/gcc/arm-none-eabi/10.3.1/../../../arm-none-eabi/lib/thumb/v7-m/nofp/libc_nano.a(lib_a-puts.o)
 .debug_abbrev  0x0000000000003b00      0x216 /usr/lib/gcc/arm-none-eabi/10.3.1/../../../arm-none-eabi/lib/thumb/v7-m/nofp/libc_nano.a(lib_a-snprintf.o)
 .debug_abbrev  0x0000000000003d16      0x213 /usr/lib/gcc/arm-none-eabi/10.3.1/../../../arm-none-eabi/lib/thumb/v7-m/nofp/libc_nano.a(lib_a-sprintf.o)
 .debug_abbrev  0x0000000000003f29      0x2cf /usr/lib/gcc/arm-none-eabi/10.3.1/../../../arm-none-eabi/lib/thumb/v7-m/nofp/libc_nano.a(lib_a-strtol.o)
 .debug_abbrev  0x00000000000041f8      0x298 /usr/lib/gcc/arm-none-eabi/10.3.1/../../../arm-none-eabi/lib/thumb/v7-m/nofp/libc_nano.a(lib_a-strtoul.o)
 .debug_abbrev  0x0000000000004490      0x21f /usr/lib/gcc/arm-none-eabi/10.3.1/../../../arm-none-eabi/lib/thumb/v7-m/nofp/libc_nano.a(lib_a-wbuf.o)
 .debug_abbrev  0x00000000000046af      0x1d4 /usr/lib/gcc/arm-none-eabi/10.3.1/../../../arm-none-eabi/lib/thumb/v7-m/nofp/libc_nano.a(lib_a-wsetup.o)
 .debug_abbrev  0x0000000000004883       0x62 /usr/lib/gcc/arm-none-eabi/10.3.1/../../../arm-none-eabi/lib/thumb/v7-m/nofp/libc_nano.a(lib_a-ctype_.o)
 .debug_abbrev  0x00000000000048e5      0x157 /usr/lib/gcc/arm-none-eabi/10.3.1/../../../arm-none-eabi/lib/thumb/v7-m/nofp/libc_nano.a(lib_a-errno.o)
 .debug_abbrev  0x0000000000004a3c      0x2da /usr/lib/gcc/arm-none-eabi/10.3.1/../../../arm-none-eabi/lib/thumb/v7-m/nofp/libc_nano.a(lib_a-fflush.o)
 .debug_abbrev  0x0000000000004d16      0x3cd /usr/lib/gcc/arm-none-eabi/10.3.1/../../../arm-none-eabi/lib/thumb/v7-m/nofp/libc_nano.a(lib_a-findfp.o)
 .debug_abbrev  0x00000000000050e3      0x197 /usr/lib/gcc/arm-none-eabi/10.3.1/../../../arm-none-eabi/lib/thumb/v7-m/nofp/libc_nano.a(lib_a-fwalk.o)
 .debug_abbrev  0x000000000000527a      0x278 /usr/lib/gcc/arm-none-eabi/10.3.1/../../../arm-none-eabi/lib/thumb/v7-m/nofp/libc_nano.a(lib_a-makebuf.o)
 .debug_abbrev  0x00000000000054f2      0x245 /usr/lib/gcc/arm-none-eabi/10.3.1/../../../arm-none-eabi/lib/thumb/v7-m/nofp/libc_nano.a(lib_a-nano-freer.o)
 .debug_abbrev  0x0000000000005737      0x290 /usr/lib/gcc/arm-none-eabi/10.3.1/../../../arm-none-eabi/lib/thumb/v7-m/nofp/libc_nano.a(lib_a-nano-mallocr.o)
 .debug_abbrev  0x00000000000059c7      0x2ca /usr/lib/gcc/arm-none-eabi/10.3.1/../../../arm-none-eabi/lib/thumb/v7-m/nofp/libc_nano.a(lib_a-nano-svfprintf.o)
 .debug_abbrev  0x0000000000005c91      0x358 /usr/lib/gcc/arm-none-eabi/10.3.1/../../../arm-none-eabi/lib/thumb/v7-m/nofp/libc_nano.a(lib_a-nano-vfprintf.o)
 .debug_abbrev  0x0000000000005fe9      0x25c /usr/lib/gcc/arm-none-eabi/10.3.1/../../../arm-none-eabi/lib/thumb/v7-m/nofp/libc_nano.a(lib_a-nano-vfprintf_i.o)
 .debug_abbrev  0x0000000000006245      0x1d6 /usr/lib/gcc/arm-none-eabi/10.3.1/../../../arm-none-eabi/lib/thumb/v7-m/nofp/libc_nano.a(lib_a-sbrkr.o)
 .debug_abbrev  0x000000000000641b      0x1fb /usr/lib/gcc/arm-none-eabi/10.3.1/../../../arm-none-eabi/lib/thumb/v7-m/nofp/libc_nano.a(lib_a-stdio.o)
 .debug_abbrev  0x0000000000006616      0x1b0 /usr/lib/gcc/arm-none-eabi/10.3.1/../../../arm-none-eabi/lib/thumb/v7-m/nofp/libc_nano.a(lib_a-writer.o)
 .debug_abbrev  0x00000000000067c6      0x1ab /usr/lib/gcc/arm-none-eabi/10.3.1/../../../arm-none-eabi/lib/thumb/v7-m/nofp/libc_nano.a(lib_a-closer.o)
 .debug_abbrev  0x0000000000006971      0x1bf /usr/lib/gcc/arm-none-eabi/10.3.1/../../../arm-none-eabi/lib/thumb/v7-m/nofp/libc_nano.a(lib_a-fstatr.o)
 .debug_abbrev  0x0000000000006b30      0x1f4 /usr/lib/gcc/arm-none-eabi/10.3.1/../../../arm-none-eabi/lib/thumb/v7-m/nofp/libc_nano.a(lib_a-fvwrite.o)
 .debug_abbrev  0x0000000000006d24      0x1ab /usr/lib/gcc/arm-none-eabi/10.3.1/../../../arm-none-eabi/lib/thumb/v7-m/nofp/libc_nano.a(lib_a-isattyr.o)
 .debug_abbrev  0x0000000000006ecf      0x1bf /usr/lib/gcc/arm-none-eabi/10.3.1/../../../arm-none-eabi/lib/thumb/v7-m/nofp/libc_nano.a(lib_a-lseekr.o)
 .debug_abbrev  0x000000000000708e       0xd4 /usr/lib/gcc/arm-none-eabi/10.3.1/../../../arm-none-eabi/lib/thumb/v7-m/nofp/libc_nano.a(lib_a-memchr-stub.o)
 .debug_abbrev  0x0000000000007162       0xc0 /usr/lib/gcc/arm-none-eabi/10.3.1/../../../arm-none-eabi/lib/thumb/v7-m/nofp/libc_nano.a(lib_a-memmove.o)
 .debug_abbrev  0x0000000000007222      0x189 /usr/lib/gcc/arm-none-eabi/10.3.1/../../../arm-none-eabi/lib/thumb/v7-m/nofp/libc_nano.a(lib_a-mlock.o)
 .debug_abbrev  0x00000000000073ab      0x1d6 /usr/lib/gcc/arm-none-eabi/10.3.1/../../../arm-none-eabi/lib/thumb/v7-m/nofp/libc_nano.a(lib_a-nano-reallocr.o)
 .debug_abbrev  0x0000000000007581      0x1ab /usr/lib/gcc/arm-none-eabi/10.3.1/../../../arm-none-eabi/lib/thumb/v7-m/nofp/libc_nano.a(lib_a-readr.o)
 .debug_abbrev  0x000000000000772c      0x265 /usr/lib/gcc/arm-none-eabi/10.3.1/../../../arm-none-eabi/lib/thumb/v7-m/nofp/libc_nano.a(lib_a-reent.o)
 .debug_abbrev  0x0000000000007991      0x191 /usr/lib/gcc/arm-none-eabi/10.3.1/../../../arm-none-eabi/lib/thumb/v7-m/nofp/libc_nano.a(lib_a-nano-msizer.o)
 .debug_abbrev  0x0000000000007b22       0x6d /usr/lib/gcc/arm-none-eabi/10.3.1/../../../arm-none-eabi/lib/thumb/v7-m/nofp/libnosys.a(close.o)
 .debug_abbrev  0x0000000000007b8f       0xcc /usr/lib/gcc/arm-none-eabi/10.3.1/../../../arm-none-eabi/lib/thumb/v7-m/nofp/libnosys.a(fstat.o)
 .debug_abbrev  0x0000000000007c5b       0x6d /usr/lib/gcc/arm-none-eabi/10.3.1/../../../arm-none-eabi/lib/thumb/v7-m/nofp/libnosys.a(isatty.o)
 .debug_abbrev  0x0000000000007cc8       0x92 /usr/lib/gcc/arm-none-eabi/10.3.1/../../../arm-none-eabi/lib/thumb/v7-m/nofp/libnosys.a(lseek.o)
 .debug_abbrev  0x0000000000007d5a       0x9b /usr/lib/gcc/arm-none-eabi/10.3.1/../../../arm-none-eabi/lib/thumb/v7-m/nofp/libnosys.a(read.o)
 .debug_abbrev  0x0000000000007df5       0xa2 /usr/lib/gcc/arm-none-eabi/10.3.1/../../../arm-none-eabi/lib/thumb/v7-m/nofp/libnosys.a(sbrk.o)
 .debug_abbrev  0x0000000000007e97       0x9b /usr/lib/gcc/arm-none-eabi/10.3.1/../../../arm-none-eabi/lib/thumb/v7-m/nofp/libnosys.a(write.o)

.debug_loc      0x0000000000000000     0xf4a6
 .debug_loc     0x0000000000000000      0x53d obj/I2C.o
 .debug_loc     0x000000000000053d       0x91 obj/lantask.o
 .debug_loc     0x00000000000005ce      0x4da obj/main.o
 .debug_loc     0x0000000000000aa8     0x1742 obj/parser.o
 .debug_loc     0x00000000000021ea      0x28a obj/fact_reset.o
 .debug_loc     0x0000000000002474      0x1d0 obj/flash.o
 .debug_loc     0x0000000000002644      0xc0f obj/ltc268x.o
 .debug_loc     0x0000000000003253       0xe2 obj/net_config.o
 .debug_loc     0x0000000000003335      0x119 obj/no_os_platform.o
 .debug_loc     0x000000000000344e     0x147e obj/no_os_util.o
 .debug_loc     0x00000000000048cc       0x42 obj/pin_intr.o
 .debug_loc     0x000000000000490e      0x343 obj/spi.o
 .debug_loc     0x0000000000004c51      0x81f obj/togglepins.o
 .debug_loc     0x0000000000005470       0x4a obj/triggers.o
 .debug_loc     0x00000000000054ba      0x103 obj/uart.o
 .debug_loc     0x00000000000055bd     0x19fb obj/socket.o
 .debug_loc     0x0000000000006fb8      0x6a5 obj/w5500.o
 .debug_loc     0x000000000000765d      0xefb obj/wizchip_conf.o
 .debug_loc     0x0000000000008558     0x1115 /usr/lib/gcc/arm-none-eabi/10.3.1/thumb/v7-m/nofp/libgcc.a(_udivmoddi4.o)
 .debug_loc     0x000000000000966d      0x22c /usr/lib/gcc/arm-none-eabi/10.3.1/../../../arm-none-eabi/lib/thumb/v7-m/nofp/libc_nano.a(lib_a-memset.o)
 .debug_loc     0x0000000000009899       0x98 /usr/lib/gcc/arm-none-eabi/10.3.1/../../../arm-none-eabi/lib/thumb/v7-m/nofp/libc_nano.a(lib_a-printf.o)
 .debug_loc     0x0000000000009931      0x258 /usr/lib/gcc/arm-none-eabi/10.3.1/../../../arm-none-eabi/lib/thumb/v7-m/nofp/libc_nano.a(lib_a-puts.o)
 .debug_loc     0x0000000000009b89      0x293 /usr/lib/gcc/arm-none-eabi/10.3.1/../../../arm-none-eabi/lib/thumb/v7-m/nofp/libc_nano.a(lib_a-snprintf.o)
 .debug_loc     0x0000000000009e1c       0xb3 /usr/lib/gcc/arm-none-eabi/10.3.1/../../../arm-none-eabi/lib/thumb/v7-m/nofp/libc_nano.a(lib_a-sprintf.o)
 .debug_loc     0x0000000000009ecf      0xaa7 /usr/lib/gcc/arm-none-eabi/10.3.1/../../../arm-none-eabi/lib/thumb/v7-m/nofp/libc_nano.a(lib_a-strtol.o)
 .debug_loc     0x000000000000a976      0x565 /usr/lib/gcc/arm-none-eabi/10.3.1/../../../arm-none-eabi/lib/thumb/v7-m/nofp/libc_nano.a(lib_a-strtoul.o)
 .debug_loc     0x000000000000aedb      0x193 /usr/lib/gcc/arm-none-eabi/10.3.1/../../../arm-none-eabi/lib/thumb/v7-m/nofp/libc_nano.a(lib_a-wbuf.o)
 .debug_loc     0x000000000000b06e       0xb7 /usr/lib/gcc/arm-none-eabi/10.3.1/../../../arm-none-eabi/lib/thumb/v7-m/nofp/libc_nano.a(lib_a-wsetup.o)
 .debug_loc     0x000000000000b125      0x4c9 /usr/lib/gcc/arm-none-eabi/10.3.1/../../../arm-none-eabi/lib/thumb/v7-m/nofp/libc_nano.a(lib_a-fflush.o)
 .debug_loc     0x000000000000b5ee      0x3d9 /usr/lib/gcc/arm-none-eabi/10.3.1/../../../arm-none-eabi/lib/thumb/v7-m/nofp/libc_nano.a(lib_a-findfp.o)
 .debug_loc     0x000000000000b9c7      0x1bf /usr/lib/gcc/arm-none-eabi/10.3.1/../../../arm-none-eabi/lib/thumb/v7-m/nofp/libc_nano.a(lib_a-fwalk.o)
 .debug_loc     0x000000000000bb86      0x327 /usr/lib/gcc/arm-none-eabi/10.3.1/../../../arm-none-eabi/lib/thumb/v7-m/nofp/libc_nano.a(lib_a-makebuf.o)
 .debug_loc     0x000000000000bead      0x27f /usr/lib/gcc/arm-none-eabi/10.3.1/../../../arm-none-eabi/lib/thumb/v7-m/nofp/libc_nano.a(lib_a-nano-freer.o)
 .debug_loc     0x000000000000c12c      0x3da /usr/lib/gcc/arm-none-eabi/10.3.1/../../../arm-none-eabi/lib/thumb/v7-m/nofp/libc_nano.a(lib_a-nano-mallocr.o)
 .debug_loc     0x000000000000c506      0x84a /usr/lib/gcc/arm-none-eabi/10.3.1/../../../arm-none-eabi/lib/thumb/v7-m/nofp/libc_nano.a(lib_a-nano-svfprintf.o)
 .debug_loc     0x000000000000cd50      0x779 /usr/lib/gcc/arm-none-eabi/10.3.1/../../../arm-none-eabi/lib/thumb/v7-m/nofp/libc_nano.a(lib_a-nano-vfprintf.o)
 .debug_loc     0x000000000000d4c9      0x6c8 /usr/lib/gcc/arm-none-eabi/10.3.1/../../../arm-none-eabi/lib/thumb/v7-m/nofp/libc_nano.a(lib_a-nano-vfprintf_i.o)
 .debug_loc     0x000000000000db91       0x6c /usr/lib/gcc/arm-none-eabi/10.3.1/../../../arm-none-eabi/lib/thumb/v7-m/nofp/libc_nano.a(lib_a-sbrkr.o)
 .debug_loc     0x000000000000dbfd      0x3a0 /usr/lib/gcc/arm-none-eabi/10.3.1/../../../arm-none-eabi/lib/thumb/v7-m/nofp/libc_nano.a(lib_a-stdio.o)
 .debug_loc     0x000000000000df9d       0xea /usr/lib/gcc/arm-none-eabi/10.3.1/../../../arm-none-eabi/lib/thumb/v7-m/nofp/libc_nano.a(lib_a-writer.o)
 .debug_loc     0x000000000000e087       0x6c /usr/lib/gcc/arm-none-eabi/10.3.1/../../../arm-none-eabi/lib/thumb/v7-m/nofp/libc_nano.a(lib_a-closer.o)
 .debug_loc     0x000000000000e0f3       0x9e /usr/lib/gcc/arm-none-eabi/10.3.1/../../../arm-none-eabi/lib/thumb/v7-m/nofp/libc_nano.a(lib_a-fstatr.o)
 .debug_loc     0x000000000000e191      0x69d /usr/lib/gcc/arm-none-eabi/10.3.1/../../../arm-none-eabi/lib/thumb/v7-m/nofp/libc_nano.a(lib_a-fvwrite.o)
 .debug_loc     0x000000000000e82e       0x6c /usr/lib/gcc/arm-none-eabi/10.3.1/../../../arm-none-eabi/lib/thumb/v7-m/nofp/libc_nano.a(lib_a-isattyr.o)
 .debug_loc     0x000000000000e89a       0xea /usr/lib/gcc/arm-none-eabi/10.3.1/../../../arm-none-eabi/lib/thumb/v7-m/nofp/libc_nano.a(lib_a-lseekr.o)
 .debug_loc     0x000000000000e984      0x1f6 /usr/lib/gcc/arm-none-eabi/10.3.1/../../../arm-none-eabi/lib/thumb/v7-m/nofp/libc_nano.a(lib_a-memchr-stub.o)
 .debug_loc     0x000000000000eb7a      0x331 /usr/lib/gcc/arm-none-eabi/10.3.1/../../../arm-none-eabi/lib/thumb/v7-m/nofp/libc_nano.a(lib_a-memmove.o)
 .debug_loc     0x000000000000eeab      0x133 /usr/lib/gcc/arm-none-eabi/10.3.1/../../../arm-none-eabi/lib/thumb/v7-m/nofp/libc_nano.a(lib_a-nano-reallocr.o)
 .debug_loc     0x000000000000efde       0xea /usr/lib/gcc/arm-none-eabi/10.3.1/../../../arm-none-eabi/lib/thumb/v7-m/nofp/libc_nano.a(lib_a-readr.o)
 .debug_loc     0x000000000000f0c8      0x1cd /usr/lib/gcc/arm-none-eabi/10.3.1/../../../arm-none-eabi/lib/thumb/v7-m/nofp/libc_nano.a(lib_a-reent.o)
 .debug_loc     0x000000000000f295       0x86 /usr/lib/gcc/arm-none-eabi/10.3.1/../../../arm-none-eabi/lib/thumb/v7-m/nofp/libc_nano.a(lib_a-nano-msizer.o)
 .debug_loc     0x000000000000f31b       0x25 /usr/lib/gcc/arm-none-eabi/10.3.1/../../../arm-none-eabi/lib/thumb/v7-m/nofp/libnosys.a(close.o)
 .debug_loc     0x000000000000f340       0x25 /usr/lib/gcc/arm-none-eabi/10.3.1/../../../arm-none-eabi/lib/thumb/v7-m/nofp/libnosys.a(fstat.o)
 .debug_loc     0x000000000000f365       0x25 /usr/lib/gcc/arm-none-eabi/10.3.1/../../../arm-none-eabi/lib/thumb/v7-m/nofp/libnosys.a(isatty.o)
 .debug_loc     0x000000000000f38a       0x4a /usr/lib/gcc/arm-none-eabi/10.3.1/../../../arm-none-eabi/lib/thumb/v7-m/nofp/libnosys.a(lseek.o)
 .debug_loc     0x000000000000f3d4       0x4a /usr/lib/gcc/arm-none-eabi/10.3.1/../../../arm-none-eabi/lib/thumb/v7-m/nofp/libnosys.a(read.o)
 .debug_loc     0x000000000000f41e       0x3e /usr/lib/gcc/arm-none-eabi/10.3.1/../../../arm-none-eabi/lib/thumb/v7-m/nofp/libnosys.a(sbrk.o)
 .debug_loc     0x000000000000f45c       0x4a /usr/lib/gcc/arm-none-eabi/10.3.1/../../../arm-none-eabi/lib/thumb/v7-m/nofp/libnosys.a(write.o)

.debug_aranges  0x0000000000000000      0x8f0
 .debug_aranges
                0x0000000000000000       0x20 obj/I2C.o
 .debug_aranges
                0x0000000000000020       0x20 obj/lantask.o
 .debug_aranges
                0x0000000000000040       0x28 obj/main.o
 .debug_aranges
                0x0000000000000068       0x20 obj/parser.o
 .debug_aranges
                0x0000000000000088       0x18 obj/system.o
 .debug_aranges
                0x00000000000000a0       0x20 obj/HSE_CLK.o
 .debug_aranges
                0x00000000000000c0       0x20 obj/fact_reset.o
 .debug_aranges
                0x00000000000000e0       0x20 obj/flash.o
 .debug_aranges
                0x0000000000000100       0x20 obj/ltc268x.o
 .debug_aranges
                0x0000000000000120       0x20 obj/net_config.o
 .debug_aranges
                0x0000000000000140       0x20 obj/no_os_platform.o
 .debug_aranges
                0x0000000000000160       0x20 obj/no_os_util.o
 .debug_aranges
                0x0000000000000180       0x20 obj/pin_intr.o
 .debug_aranges
                0x00000000000001a0       0x20 obj/spi.o
 .debug_aranges
                0x00000000000001c0       0x20 obj/togglepins.o
 .debug_aranges
                0x00000000000001e0       0x20 obj/triggers.o
 .debug_aranges
                0x0000000000000200       0x20 obj/uart.o
 .debug_aranges
                0x0000000000000220       0x20 obj/socket.o
 .debug_aranges
                0x0000000000000240       0x20 obj/w5500.o
 .debug_aranges
                0x0000000000000260       0x20 obj/wizchip_conf.o
 .debug_aranges
                0x0000000000000280       0x20 /usr/lib/gcc/arm-none-eabi/10.3.1/thumb/v7-m/nofp/libgcc.a(_arm_addsubsf3.o)
 .debug_aranges
                0x00000000000002a0       0x20 /usr/lib/gcc/arm-none-eabi/10.3.1/thumb/v7-m/nofp/libgcc.a(_arm_muldivsf3.o)
 .debug_aranges